 StarcraftBuildOrderSearch

 Timestamp is 54c3f932 (Sat Jan 24 19:57:38 2015)

 Preferred load address is 00400000

 Start         Length     Name                   Class
 0001:00000000 0002d7eaH .text                   CODE
 0001:0002d7f0 00001ad6H .text$x                 CODE
 0001:0002f2d0 0000ac7dH .text$yc                CODE
 0001:00039f50 000003baH .text$yd                CODE
 0002:00000000 00000144H .idata$5                DATA
 0002:00000144 00000004H .CRT$XCA                DATA
 0002:00000148 00000004H .CRT$XCAA               DATA
 0002:0000014c 00000c78H .CRT$XCU                DATA
 0002:00000dc4 00000004H .CRT$XCZ                DATA
 0002:00000dc8 00000004H .CRT$XIA                DATA
 0002:00000dcc 00000004H .CRT$XIAA               DATA
 0002:00000dd0 00000004H .CRT$XIC                DATA
 0002:00000dd4 00000004H .CRT$XIY                DATA
 0002:00000dd8 00000004H .CRT$XIZ                DATA
 0002:00000de0 00003738H .rdata                  DATA
 0002:00004518 00000094H .rdata$debug            DATA
 0002:000045ac 00000250H .rdata$r                DATA
 0002:00004800 00000198H .rdata$sxdata           DATA
 0002:00004998 00000004H .rtc$IAA                DATA
 0002:0000499c 00000004H .rtc$IZZ                DATA
 0002:000049a0 00000004H .rtc$TAA                DATA
 0002:000049a4 00000004H .rtc$TZZ                DATA
 0002:000049a8 00001eacH .xdata$x                DATA
 0002:00006854 0000003cH .idata$2                DATA
 0002:00006890 00000014H .idata$3                DATA
 0002:000068a4 00000144H .idata$4                DATA
 0002:000069e8 00000b76H .idata$6                DATA
 0002:0000755e 00000000H .edata                  DATA
 0003:00000000 000005e0H .data                   DATA
 0003:000005e0 00069098H .bss                    DATA

  Address         Publics by Value              Rva+Base       Lib:Object

 0000:00000000       __except_list              00000000     <absolute>
 0000:00000066       ___safe_se_handler_count   00000066     <absolute>
 0000:00009876       __ldused                   00009876     <absolute>
 0000:00009876       __fltused                  00009876     <absolute>
 0000:00000000       ___ImageBase               00400000     <linker-defined>
 0001:00000000       ??1bad_alloc@std@@UAE@XZ   00401000 f i StarcraftData.obj
 0001:00000010       ??_Ebad_alloc@std@@UAEPAXI@Z 00401010 f i  CIL library: CIL module
 0001:00000010       ??_Gbad_alloc@std@@UAEPAXI@Z 00401010 f i StarcraftData.obj
 0001:00000040       ??3@YAXPAX0@Z              00401040 f i StarcraftData.obj
 0001:00000040       ??1BuildingStatus@BuildOrderSearch@@QAE@XZ 00401040 f i test.obj
 0001:00000050       ?what@logic_error@std@@UBEPBDXZ 00401050 f i StarcraftData.obj
 0001:00000060       ??_Elogic_error@std@@UAEPAXI@Z 00401060 f i  CIL library: CIL module
 0001:00000060       ??_Elength_error@std@@UAEPAXI@Z 00401060 f i  CIL library: CIL module
 0001:00000060       ??_Gout_of_range@std@@UAEPAXI@Z 00401060 f i test.obj
 0001:00000060       ??_Eout_of_range@std@@UAEPAXI@Z 00401060 f i  CIL library: CIL module
 0001:00000060       ??_Glength_error@std@@UAEPAXI@Z 00401060 f i StarcraftData.obj
 0001:00000060       ??_Glogic_error@std@@UAEPAXI@Z 00401060 f i StarcraftData.obj
 0001:000000a0       ??0logic_error@std@@QAE@ABV01@@Z 004010a0 f i StarcraftData.obj
 0001:00000110       ??1StarcraftSearchConstraints@BuildOrderSearch@@QAE@XZ 00401110 f i test.obj
 0001:00000110       ?destroy@?$allocator@VMacroAction@BuildOrderSearch@@@std@@QAEXPAVMacroAction@BuildOrderSearch@@@Z 00401110 f i StarcraftData.obj
 0001:00000110       ??1?$vector@IV?$allocator@I@std@@@std@@QAE@XZ 00401110 f i StarcraftData.obj
 0001:00000110       ??1?$vector@VBitSet@BuildOrderSearch@@V?$allocator@VBitSet@BuildOrderSearch@@@std@@@std@@QAE@XZ 00401110 f i StarcraftData.obj
 0001:00000110       ??1?$vector@HV?$allocator@H@std@@@std@@QAE@XZ 00401110 f i test.obj
 0001:00000110       ??1?$vector@U?$pair@HH@std@@V?$allocator@U?$pair@HH@std@@@2@@std@@QAE@XZ 00401110 f i test.obj
 0001:00000110       ??1MacroAction@BuildOrderSearch@@QAE@XZ 00401110 f i StarcraftData.obj
 0001:00000110       ??1?$vector@EV?$allocator@E@std@@@std@@QAE@XZ 00401110 f i StarcraftData.obj
 0001:00000140       ??0StarcraftData@BuildOrderSearch@@QAE@XZ 00401140 f i StarcraftData.obj
 0001:000001d0       ??1StarcraftData@BuildOrderSearch@@QAE@XZ 004011d0 f i StarcraftData.obj
 0001:00000240       ??1StarcraftAction@BuildOrderSearch@@QAE@XZ 00401240 f i StarcraftData.obj
 0001:000002a0       ??1?$DependencyGraph@_N@BuildOrderSearch@@QAE@XZ 004012a0 f i StarcraftData.obj
 0001:00000310       ?getStarcraftDataInstance@BuildOrderSearch@@YAAAVStarcraftData@1@XZ 00401310 f   StarcraftData.obj
 0001:00000380       ??1?$vector@VStarcraftAction@BuildOrderSearch@@V?$allocator@VStarcraftAction@BuildOrderSearch@@@std@@@std@@QAE@XZ 00401380 f i StarcraftData.obj
 0001:00000400       ??1?$vector@VMacroAction@BuildOrderSearch@@V?$allocator@VMacroAction@BuildOrderSearch@@@std@@@std@@QAE@XZ 00401400 f i StarcraftData.obj
 0001:00000450       ??1?$vector@V?$vector@_NV?$allocator@_N@std@@@std@@V?$allocator@V?$vector@_NV?$allocator@_N@std@@@std@@@2@@std@@QAE@XZ 00401450 f i StarcraftData.obj
 0001:000004a0       ?_Buy@?$vector@VBitSet@BuildOrderSearch@@V?$allocator@VBitSet@BuildOrderSearch@@@std@@@std@@IAE_NI@Z 004014a0 f i StarcraftData.obj
 0001:000004a0       ?_Buy@?$vector@U?$pair@HH@std@@V?$allocator@U?$pair@HH@std@@@2@@std@@IAE_NI@Z 004014a0 f i test.obj
 0001:000004d0       ?_Buy@?$vector@V?$vector@_NV?$allocator@_N@std@@@std@@V?$allocator@V?$vector@_NV?$allocator@_N@std@@@std@@@2@@std@@IAE_NI@Z 004014d0 f i StarcraftData.obj
 0001:00000500       ?_Destroy@?$vector@V?$vector@_NV?$allocator@_N@std@@@std@@V?$allocator@V?$vector@_NV?$allocator@_N@std@@@std@@@2@@std@@IAEXPAV?$vector@_NV?$allocator@_N@std@@@2@0@Z 00401500 f i StarcraftData.obj
 0001:00000520       ?_Tidy@?$vector@V?$vector@_NV?$allocator@_N@std@@@std@@V?$allocator@V?$vector@_NV?$allocator@_N@std@@@std@@@2@@std@@IAEXXZ 00401520 f i StarcraftData.obj
 0001:00000560       ??1?$vector@_NV?$allocator@_N@std@@@std@@QAE@XZ 00401560 f i StarcraftData.obj
 0001:00000560       ?destroy@?$allocator@V?$vector@_NV?$allocator@_N@std@@@std@@@std@@QAEXPAV?$vector@_NV?$allocator@_N@std@@@2@@Z 00401560 f i StarcraftData.obj
 0001:000005a0       ??0length_error@std@@QAE@ABV01@@Z 004015a0 f i StarcraftData.obj
 0001:000005c0       ?allocate@?$allocator@VBitSet@BuildOrderSearch@@@std@@QAEPAVBitSet@BuildOrderSearch@@I@Z 004015c0 f i StarcraftData.obj
 0001:000005c0       ?allocate@?$allocator@U?$pair@HH@std@@@std@@QAEPAU?$pair@HH@2@I@Z 004015c0 f i test.obj
 0001:00000620       ?_Destroy@?$vector@VStarcraftAction@BuildOrderSearch@@V?$allocator@VStarcraftAction@BuildOrderSearch@@@std@@@std@@IAEXPAVStarcraftAction@BuildOrderSearch@@0@Z 00401620 f i StarcraftData.obj
 0001:00000640       ?_Xlen@?$vector@VStarcraftAction@BuildOrderSearch@@V?$allocator@VStarcraftAction@BuildOrderSearch@@@std@@@std@@KAXXZ 00401640 f i StarcraftData.obj
 0001:00000640       ?_Xlen@?$vector@VMacroAction@BuildOrderSearch@@V?$allocator@VMacroAction@BuildOrderSearch@@@std@@@std@@KAXXZ 00401640 f i StarcraftData.obj
 0001:00000640       ?_Xlen@?$vector@EV?$allocator@E@std@@@std@@KAXXZ 00401640 f i test.obj
 0001:00000640       ?_Xlen@?$vector@VBitSet@BuildOrderSearch@@V?$allocator@VBitSet@BuildOrderSearch@@@std@@@std@@KAXXZ 00401640 f i StarcraftData.obj
 0001:00000640       ?_Xlen@?$vector@U?$pair@HH@std@@V?$allocator@U?$pair@HH@std@@@2@@std@@KAXXZ 00401640 f i test.obj
 0001:00000640       ?_Xlen@?$vector@V?$vector@_NV?$allocator@_N@std@@@std@@V?$allocator@V?$vector@_NV?$allocator@_N@std@@@std@@@2@@std@@KAXXZ 00401640 f i StarcraftData.obj
 0001:000006d0       ?allocate@?$allocator@VStarcraftAction@BuildOrderSearch@@@std@@QAEPAVStarcraftAction@BuildOrderSearch@@I@Z 004016d0 f i StarcraftData.obj
 0001:00000730       ?_Destroy@?$vector@VMacroAction@BuildOrderSearch@@V?$allocator@VMacroAction@BuildOrderSearch@@@std@@@std@@IAEXPAVMacroAction@BuildOrderSearch@@0@Z 00401730 f i StarcraftData.obj
 0001:00000750       ?allocate@?$allocator@VMacroAction@BuildOrderSearch@@@std@@QAEPAVMacroAction@BuildOrderSearch@@I@Z 00401750 f i StarcraftData.obj
 0001:000007b0       ?allocate@?$allocator@V?$vector@_NV?$allocator@_N@std@@@std@@@std@@QAEPAV?$vector@_NV?$allocator@_N@std@@@2@I@Z 004017b0 f i StarcraftData.obj
 0001:00000810       ??0bad_alloc@std@@QAE@ABV01@@Z 00401810 f i StarcraftData.obj
 0001:00000830       ??$_Destroy_range@V?$allocator@V?$vector@_NV?$allocator@_N@std@@@std@@@std@@@std@@YAXPAV?$vector@_NV?$allocator@_N@std@@@0@0AAV?$allocator@V?$vector@_NV?$allocator@_N@std@@@std@@@0@U_Nonscalar_ptr_iterator_tag@0@@Z 00401830 f i StarcraftData.obj
 0001:00000880       ??$_Destroy_range@V?$allocator@VStarcraftAction@BuildOrderSearch@@@std@@@std@@YAXPAVStarcraftAction@BuildOrderSearch@@0AAV?$allocator@VStarcraftAction@BuildOrderSearch@@@0@U_Nonscalar_ptr_iterator_tag@0@@Z 00401880 f i StarcraftData.obj
 0001:000008f0       ??$_Destroy_range@V?$allocator@VMacroAction@BuildOrderSearch@@@std@@@std@@YAXPAVMacroAction@BuildOrderSearch@@0AAV?$allocator@VMacroAction@BuildOrderSearch@@@0@U_Nonscalar_ptr_iterator_tag@0@@Z 004018f0 f i StarcraftData.obj
 0001:00000930       ??1length_error@std@@UAE@XZ 00401930 f i StarcraftData.obj
 0001:00000930       ??1out_of_range@std@@UAE@XZ 00401930 f i test.obj
 0001:00000950       ??0out_of_range@std@@QAE@ABV01@@Z 00401950 f i test.obj
 0001:00000970       ?countTrailingZeros@BitSet@BuildOrderSearch@@QBEH_K@Z 00401970 f i test.obj
 0001:000009b0       ?numActions@BitSet@BuildOrderSearch@@QBEHXZ 004019b0 f i test.obj
 0001:00000a20       ??0StarcraftAction@BuildOrderSearch@@QAE@VUnitType@BWAPI@@H@Z 00401a20 f i test.obj
 0001:00000c70       ??0StarcraftAction@BuildOrderSearch@@QAE@VUpgradeType@BWAPI@@H@Z 00401c70 f i test.obj
 0001:00000d60       ??0StarcraftAction@BuildOrderSearch@@QAE@VTechType@BWAPI@@H@Z 00401d60 f i test.obj
 0001:00000e50       ?getName@StarcraftAction@BuildOrderSearch@@QBE?AV?$basic_string@DU?$char_traits@D@std@@V?$allocator@D@2@@std@@XZ 00401e50 f i test.obj
 0001:00000e70       ??0ActionsInProgress@BuildOrderSearch@@QAE@XZ 00401e70 f i test.obj
 0001:00000ed0       ?addAction@ActionsInProgress@BuildOrderSearch@@QAEXEH@Z 00401ed0 f i test.obj
 0001:00000f40       ?whenActionsFinished@ActionsInProgress@BuildOrderSearch@@QBEHVBitSet@2@@Z 00401f40 f i test.obj
 0001:00000ff0       ?addActions@StarcraftData@BuildOrderSearch@@AAEXAAVRace@BWAPI@@@Z 00401ff0 f i test.obj
 0001:00002330       ?addPrerequisites@StarcraftData@BuildOrderSearch@@AAEXXZ 00403330 f i test.obj
 0001:00002480       ?calculateSpecialUnits@StarcraftData@BuildOrderSearch@@AAEXXZ 00403480 f i test.obj
 0001:000026e0       ?calculatePrerequisites@StarcraftData@BuildOrderSearch@@AAE?AVBitSet@2@AAVStarcraftAction@2@@Z 004036e0 f i test.obj
 0001:00002ba0       ?calculateDependencyGraph@StarcraftData@BuildOrderSearch@@AAEXXZ 00403ba0 f i test.obj
 0001:00002e80       ?addMacroActions@StarcraftData@BuildOrderSearch@@AAEXXZ 00403e80 f i test.obj
 0001:00003020       ?calculateHashData@StarcraftData@BuildOrderSearch@@AAEXXZ 00404020 f i test.obj
 0001:00003070       ?init@StarcraftData@BuildOrderSearch@@QAEXVRace@BWAPI@@@Z 00404070 f i test.obj
 0001:000030f0       ??AStarcraftData@BuildOrderSearch@@QBEABVStarcraftAction@1@H@Z 004040f0 f i test.obj
 0001:00003120       ?getAction@StarcraftData@BuildOrderSearch@@QBEEAAVStarcraftAction@2@@Z 00404120 f i test.obj
 0001:000031b0       ?getAction@StarcraftData@BuildOrderSearch@@QBEEABVUnitType@BWAPI@@@Z 004041b0 f i test.obj
 0001:000032c0       ?getAction@StarcraftData@BuildOrderSearch@@QBEEABVTechType@BWAPI@@@Z 004042c0 f i test.obj
 0001:000033b0       ?calculateSupplyRequired@StarcraftSearchGoal@BuildOrderSearch@@AAEXXZ 004043b0 f i test.obj
 0001:000034c0       ?printGoal@StarcraftSearchGoal@BuildOrderSearch@@QBEXXZ 004044c0 f i test.obj
 0001:00003730       ??0SearchSaveState@BuildOrderSearch@@QAE@V?$vector@EV?$allocator@E@std@@@std@@H@Z 00404730 f i test.obj
 0001:000037b0       ??0SearchResults@BuildOrderSearch@@QAE@_NH_KNV?$vector@EV?$allocator@E@std@@@std@@@Z 004047b0 f i test.obj
 0001:00003860       ?printResults@SearchResults@BuildOrderSearch@@QAEX_N@Z 00404860 f i test.obj
 0001:000038b0       ?printBuildOrder@SearchResults@BuildOrderSearch@@QAEXXZ 004048b0 f i test.obj
 0001:00003900       ??0BuildingStatus@BuildOrderSearch@@QAE@XZ 00404900 f i test.obj
 0001:00003910       ?queueAction@BuildingData@BuildOrderSearch@@QAEXE@Z 00404910 f i test.obj
 0001:00003bf0       ?fastForwardBuildings@BuildingData@BuildOrderSearch@@QAEXH@Z 00404bf0 f i test.obj
 0001:00003cc0       ?printBuildingInformation@BuildingData@BuildOrderSearch@@QBEXXZ 00404cc0 f i test.obj
 0001:00003e60       ?xsetGameStartData@StarcraftState@BuildOrderSearch@@AAEXXZ 00404e60 f i test.obj
 0001:00003fa0       ?xspecificWhenReady@StarcraftState@BuildOrderSearch@@AAEHE@Z 00404fa0 f i test.obj
 0001:000040b0       ?xspecificDoAction@StarcraftState@BuildOrderSearch@@AAEXEH@Z 004050b0 f i test.obj
 0001:00004350       ?xspecificFastForward@StarcraftState@BuildOrderSearch@@AAEXH@Z 00405350 f i test.obj
 0001:00004420       ?xspecificFinishAction@StarcraftState@BuildOrderSearch@@AAEXE@Z 00405420 f i test.obj
 0001:000045d0       ?fixZergUnitMasks@StarcraftState@BuildOrderSearch@@AAEXXZ 004055d0 f i test.obj
 0001:000046f0       ??0StarcraftState@BuildOrderSearch@@QAE@_N@Z 004056f0 f i test.obj
 0001:00004890       ?doAction@StarcraftState@BuildOrderSearch@@QAEXEH@Z 00405890 f i test.obj
 0001:00004bb0       ?fastForward@StarcraftState@BuildOrderSearch@@QAEXH@Z 00405bb0 f i test.obj
 0001:00004dd0       ?finishNextActionInProgress@StarcraftState@BuildOrderSearch@@QAEXXZ 00405dd0 f i test.obj
 0001:00005090       ?resourcesReady@StarcraftState@BuildOrderSearch@@QAEHE@Z 00406090 f i test.obj
 0001:00005250       ?whenSupplyReady@StarcraftState@BuildOrderSearch@@QBEHE@Z 00406250 f i test.obj
 0001:000054b0       ?whenPrerequisitesReady@StarcraftState@BuildOrderSearch@@QBEHE@Z 004064b0 f i test.obj
 0001:00005610       ?whenBuildingPrereqReady@StarcraftState@BuildOrderSearch@@QBEHE@Z 00406610 f i test.obj
 0001:00005820       ?whenConstructedBuildingReady@StarcraftState@BuildOrderSearch@@QBEHE@Z 00406820 f i test.obj
 0001:000058f0       ?whenMineralsReady@StarcraftState@BuildOrderSearch@@QBEHE@Z 004068f0 f i test.obj
 0001:00005b70       ?whenGasReady@StarcraftState@BuildOrderSearch@@QBEHE@Z 00406b70 f i test.obj
 0001:00005df0       ?calculateUpperBoundHeuristic@StarcraftState@BuildOrderSearch@@QBEHABVStarcraftSearchGoal@2@@Z 00406df0 f i test.obj
 0001:00005f60       ?calculateDependencyHeuristic@StarcraftState@BuildOrderSearch@@QBEHABVStarcraftSearchGoal@2@@Z 00406f60 f i test.obj
 0001:00006020       ?calculateGoalResourceLowerBound@StarcraftState@BuildOrderSearch@@QBE?AU?$pair@HH@std@@ABVStarcraftSearchGoal@2@@Z 00407020 f i test.obj
 0001:00006330       ?calculateDependencyResourcesRemaining@StarcraftState@BuildOrderSearch@@QBEXHAAU?$pair@HH@std@@AAVBitSet@2@@Z 00407330 f i test.obj
 0001:000064d0       ?calculateDependencyTimeRemaining@StarcraftState@BuildOrderSearch@@QBEHE@Z 004074d0 f i test.obj
 0001:00006730       ?resourceReadyLowerBound@StarcraftState@BuildOrderSearch@@QBE?AU?$pair@HH@std@@HH@Z 00407730 f i test.obj
 0001:00006cb0       ?getLegalActions@StarcraftState@BuildOrderSearch@@QBE?AVBitSet@2@ABVStarcraftSearchGoal@2@@Z 00407cb0 f i test.obj
 0001:00006d80       ?isLegal@StarcraftState@BuildOrderSearch@@QBE_NEABVStarcraftSearchGoal@2@@Z 00407d80 f i test.obj
 0001:00007100       ?meetsGoal@StarcraftState@BuildOrderSearch@@QBE_NABVStarcraftSearchGoal@2@@Z 00408100 f i test.obj
 0001:00007240       ?meetsConstraints@StarcraftState@BuildOrderSearch@@QBE_NABVStarcraftSearchConstraints@2@@Z 00408240 f i test.obj
 0001:000072c0       ?setUnitMask@StarcraftState@BuildOrderSearch@@QAEXXZ 004082c0 f i test.obj
 0001:000074b0       ?setProgressMask@StarcraftState@BuildOrderSearch@@QAEXXZ 004084b0 f i test.obj
 0001:00007500       ?addNumUnits@StarcraftState@BuildOrderSearch@@QAEXED@Z 00408500 f i test.obj
 0001:00007540       ?getNumUnits@StarcraftState@BuildOrderSearch@@QBEEH@Z 00408540 f i test.obj
 0001:000075a0       ?getSupplyInProgress@StarcraftState@BuildOrderSearch@@QBEHXZ 004085a0 f i test.obj
 0001:00007670       ?hasEnoughSupplyForGoal@StarcraftState@BuildOrderSearch@@QBE_NABVStarcraftSearchGoal@2@@Z 00408670 f i test.obj
 0001:00007820       ?getFinishTimeMinerals@StarcraftState@BuildOrderSearch@@QBEHXZ 00408820 f i test.obj
 0001:00007870       ?getFinishTimeGas@StarcraftState@BuildOrderSearch@@QBEHXZ 00408870 f i test.obj
 0001:000078c0       ?getArmyValue@StarcraftState@BuildOrderSearch@@QBEHXZ 004088c0 f i test.obj
 0001:00007b30       ?getBuildOrder@StarcraftState@BuildOrderSearch@@QAE?AV?$vector@EV?$allocator@E@std@@@std@@XZ 00408b30 f i test.obj
 0001:00007c10       ?printData@StarcraftState@BuildOrderSearch@@QBEXXZ 00408c10 f i test.obj
 0001:00007e90       ??1BuildingData@BuildOrderSearch@@QAE@XZ 00408e90 f i test.obj
 0001:00007ea0       ??0SearchParameters@BuildOrderSearch@@QAE@XZ 00408ea0 f i test.obj
 0001:00007fa0       ??1StarcraftState@BuildOrderSearch@@QAE@XZ 00408fa0 f i test.obj
 0001:00008000       ??0StarcraftState@BuildOrderSearch@@QAE@ABV01@@Z 00409000 f i test.obj
 0001:00008180       ?getElapsedTimeInMilliSec@Timer@BuildOrderSearch@@QAENXZ 00409180 f i test.obj
 0001:000081c0       ??0StarcraftSearch@BuildOrderSearch@@IAE@XZ 004091c0 f i test.obj
 0001:00008250       ??1StarcraftSearch@BuildOrderSearch@@IAE@XZ 00409250 f i test.obj
 0001:000082d0       ?calculateRecursivePrerequisites@StarcraftSearch@BuildOrderSearch@@IAEXEAAVBitSet@2@@Z 004092d0 f i test.obj
 0001:000083a0       ?getBuildOrder@StarcraftSearch@BuildOrderSearch@@IAE?AV?$vector@EV?$allocator@E@std@@@std@@AAVStarcraftState@2@@Z 004093a0 f i test.obj
 0001:00008480       ??1?$set@V?$basic_string@DU?$char_traits@D@std@@V?$allocator@D@2@@std@@U?$less@V?$basic_string@DU?$char_traits@D@std@@V?$allocator@D@2@@std@@@2@V?$allocator@V?$basic_string@DU?$char_traits@D@std@@V?$allocator@D@2@@std@@@2@@std@@QAE@XZ 00409480 f i test.obj
 0001:000084d0       ??0DFBBStarcraftSearch@BuildOrderSearch@@QAE@VSearchParameters@1@@Z 004094d0 f i test.obj
 0001:00008650       ?search@DFBBStarcraftSearch@BuildOrderSearch@@UAE?AVSearchResults@2@XZ 00409650 f i test.obj
 0001:00008750       ?DFBB@DFBBStarcraftSearch@BuildOrderSearch@@QAEXAAVStarcraftState@2@H@Z 00409750 f i test.obj
 0001:00009240       ?calculateRelevantActions@DFBBStarcraftSearch@BuildOrderSearch@@QAE?AVBitSet@2@XZ 0040a240 f i test.obj
 0001:000093e0       ??1SearchParameters@BuildOrderSearch@@QAE@XZ 0040a3e0 f i test.obj
 0001:00009460       ??0SearchParameters@BuildOrderSearch@@QAE@ABV01@@Z 0040a460 f i test.obj
 0001:000095b0       ??1SearchResults@BuildOrderSearch@@QAE@XZ 0040a5b0 f i test.obj
 0001:000095e0       ??0SearchResults@BuildOrderSearch@@QAE@ABV01@@Z 0040a5e0 f i test.obj
 0001:00009660       ??4StarcraftState@BuildOrderSearch@@QAEAAV01@ABV01@@Z 0040a660 f i test.obj
 0001:00009810       ??4SearchResults@BuildOrderSearch@@QAEAAV01@ABV01@@Z 0040a810 f i test.obj
 0001:00009890       ?doSearch@SmartStarcraftSearch@BuildOrderSearch@@AAE?AVSearchResults@2@XZ 0040a890 f i test.obj
 0001:00009990       ?calculateSearchSettings@SmartStarcraftSearch@BuildOrderSearch@@AAEXXZ 0040a990 f i test.obj
 0001:00009a60       ?calculateRefineriesRequired@SmartStarcraftSearch@BuildOrderSearch@@AAEHXZ 0040aa60 f i test.obj
 0001:00009c40       ?setPrerequisiteGoalMax@SmartStarcraftSearch@BuildOrderSearch@@AAEXXZ 0040ac40 f i test.obj
 0001:0000a160       ?recurseOverStrictDependencies@SmartStarcraftSearch@BuildOrderSearch@@AAEXE@Z 0040b160 f i test.obj
 0001:0000a3a0       ?calculateSupplyProvidersRequired@SmartStarcraftSearch@BuildOrderSearch@@AAEHXZ 0040b3a0 f i test.obj
 0001:0000a7d0       ?setRepetitions@SmartStarcraftSearch@BuildOrderSearch@@AAEXXZ 0040b7d0 f i test.obj
 0001:0000aa20       ??0SmartStarcraftSearch@BuildOrderSearch@@QAE@XZ 0040ba20 f i test.obj
 0001:0000aaf0       ??1SmartStarcraftSearch@BuildOrderSearch@@QAE@XZ 0040baf0 f i test.obj
 0001:0000ab80       ?search@SmartStarcraftSearch@BuildOrderSearch@@QAE?AVSearchResults@2@XZ 0040bb80 f i test.obj
 0001:0000abc0       ??1DFBBStarcraftSearch@BuildOrderSearch@@QAE@XZ 0040bbc0 f i test.obj
 0001:0000ac70       ?testSmartSearch@@YAXXZ    0040bc70 f   test.obj
 0001:0000ae10       _main                      0040be10 f   test.obj
 0001:0000ae30       ??4?$vector@U?$pair@HH@std@@V?$allocator@U?$pair@HH@std@@@2@@std@@QAEAAV01@ABV01@@Z 0040be30 f i test.obj
 0001:0000ae30       ??4?$vector@VBitSet@BuildOrderSearch@@V?$allocator@VBitSet@BuildOrderSearch@@@std@@@std@@QAEAAV01@ABV01@@Z 0040be30 f i test.obj
 0001:0000af20       ??0?$vector@EV?$allocator@E@std@@@std@@QAE@ABV01@@Z 0040bf20 f i test.obj
 0001:0000aff0       ??4?$vector@EV?$allocator@E@std@@@std@@QAEAAV01@ABV01@@Z 0040bff0 f i test.obj
 0001:0000b100       ?push_back@?$vector@VStarcraftAction@BuildOrderSearch@@V?$allocator@VStarcraftAction@BuildOrderSearch@@@std@@@std@@QAEXABVStarcraftAction@BuildOrderSearch@@@Z 0040c100 f i test.obj
 0001:0000b1a0       ??0?$DependencyGraph@_N@BuildOrderSearch@@QAE@H@Z 0040c1a0 f i test.obj
 0001:0000b2e0       ?transitiveReduction@?$DependencyGraph@_N@BuildOrderSearch@@QAEXXZ 0040c2e0 f i test.obj
 0001:0000b780       ??4?$vector@V?$vector@_NV?$allocator@_N@std@@@std@@V?$allocator@V?$vector@_NV?$allocator@_N@std@@@std@@@2@@std@@QAEAAV01@ABV01@@Z 0040c780 f i test.obj
 0001:0000b8f0       ??0?$_Tree@V?$_Tmap_traits@VUnitType@BWAPI@@HU?$less@VUnitType@BWAPI@@@std@@V?$allocator@U?$pair@$$CBVUnitType@BWAPI@@H@std@@@4@$0A@@std@@@std@@QAE@ABV01@@Z 0040c8f0 f i test.obj
 0001:0000b9a0       ??1?$_Tree@V?$_Tmap_traits@VUnitType@BWAPI@@HU?$less@VUnitType@BWAPI@@@std@@V?$allocator@U?$pair@$$CBVUnitType@BWAPI@@H@std@@@4@$0A@@std@@@std@@QAE@XZ 0040c9a0 f i test.obj
 0001:0000b9a0       ??1?$map@VUnitType@BWAPI@@HU?$less@VUnitType@BWAPI@@@std@@V?$allocator@U?$pair@$$CBVUnitType@BWAPI@@H@std@@@4@@std@@QAE@XZ 0040c9a0 f i test.obj
 0001:0000b9f0       ??0?$vector@VBitSet@BuildOrderSearch@@V?$allocator@VBitSet@BuildOrderSearch@@@std@@@std@@QAE@XZ 0040c9f0 f i StarcraftData.obj
 0001:0000b9f0       ??0?$vector@VStarcraftState@BuildOrderSearch@@V?$allocator@VStarcraftState@BuildOrderSearch@@@std@@@std@@QAE@XZ 0040c9f0 f i test.obj
 0001:0000b9f0       ??0?$vector@VMacroAction@BuildOrderSearch@@V?$allocator@VMacroAction@BuildOrderSearch@@@std@@@std@@QAE@XZ 0040c9f0 f i StarcraftData.obj
 0001:0000b9f0       ??0?$vector@VStarcraftSearchConstraint@BuildOrderSearch@@V?$allocator@VStarcraftSearchConstraint@BuildOrderSearch@@@std@@@std@@QAE@XZ 0040c9f0 f i test.obj
 0001:0000b9f0       ??0?$vector@V?$vector@_NV?$allocator@_N@std@@@std@@V?$allocator@V?$vector@_NV?$allocator@_N@std@@@std@@@2@@std@@QAE@XZ 0040c9f0 f i StarcraftData.obj
 0001:0000b9f0       ??0?$vector@VStarcraftAction@BuildOrderSearch@@V?$allocator@VStarcraftAction@BuildOrderSearch@@@std@@@std@@QAE@XZ 0040c9f0 f i StarcraftData.obj
 0001:0000b9f0       ??0?$vector@EV?$allocator@E@std@@@std@@QAE@XZ 0040c9f0 f i test.obj
 0001:0000b9f0       ??0?$vector@U?$pair@HH@std@@V?$allocator@U?$pair@HH@std@@@2@@std@@QAE@XZ 0040c9f0 f i test.obj
 0001:0000ba50       ??0?$vector@VStarcraftSearchConstraint@BuildOrderSearch@@V?$allocator@VStarcraftSearchConstraint@BuildOrderSearch@@@std@@@std@@QAE@ABV01@@Z 0040ca50 f i test.obj
 0001:0000bb50       ??4?$vector@VStarcraftSearchConstraint@BuildOrderSearch@@V?$allocator@VStarcraftSearchConstraint@BuildOrderSearch@@@std@@@std@@QAEAAV01@ABV01@@Z 0040cb50 f i test.obj
 0001:0000bc90       ??0?$vector@U?$pair@HH@std@@V?$allocator@U?$pair@HH@std@@@2@@std@@QAE@ABV01@@Z 0040cc90 f i test.obj
 0001:0000bd80       ?push_back@?$vector@U?$pair@HH@std@@V?$allocator@U?$pair@HH@std@@@2@@std@@QAEXABU?$pair@HH@2@@Z 0040cd80 f i test.obj
 0001:0000bdf0       ??1?$vector@VStarcraftState@BuildOrderSearch@@V?$allocator@VStarcraftState@BuildOrderSearch@@@std@@@std@@QAE@XZ 0040cdf0 f i test.obj
 0001:0000be70       ?push_back@?$vector@VStarcraftState@BuildOrderSearch@@V?$allocator@VStarcraftState@BuildOrderSearch@@@std@@@std@@QAEXABVStarcraftState@BuildOrderSearch@@@Z 0040ce70 f i test.obj
 0001:0000bf10       ??1?$_Tree_val@V?$_Tmap_traits@VUnitType@BWAPI@@HU?$less@VUnitType@BWAPI@@@std@@V?$allocator@U?$pair@$$CBVUnitType@BWAPI@@H@std@@@4@$0A@@std@@@std@@QAE@XZ 0040cf10 f i test.obj
 0001:0000bf20       ??1?$_Container_base_aux_alloc_real@V?$allocator@_N@std@@@std@@IAE@XZ 0040cf20 f i StarcraftData.obj
 0001:0000bf20       ??1?$_Vector_val@VStarcraftAction@BuildOrderSearch@@V?$allocator@VStarcraftAction@BuildOrderSearch@@@std@@@std@@QAE@XZ 0040cf20 f i StarcraftData.obj
 0001:0000bf20       ??1?$_Tree_val@V?$_Tset_traits@U?$pair@V?$basic_string@DU?$char_traits@D@std@@V?$allocator@D@2@@std@@V12@@std@@U?$less@U?$pair@V?$basic_string@DU?$char_traits@D@std@@V?$allocator@D@2@@std@@V12@@std@@@2@V?$allocator@U?$pair@V?$basic_string@DU?$char_traits@D@std@@V?$allocator@D@2@@std@@V12@@std@@@2@$0A@@std@@@std@@QAE@XZ 0040cf20 f i test.obj
 0001:0000bf20       ??1?$_Vector_val@VStarcraftState@BuildOrderSearch@@V?$allocator@VStarcraftState@BuildOrderSearch@@@std@@@std@@QAE@XZ 0040cf20 f i test.obj
 0001:0000bf20       ??1?$_Vector_val@VBitSet@BuildOrderSearch@@V?$allocator@VBitSet@BuildOrderSearch@@@std@@@std@@QAE@XZ 0040cf20 f i StarcraftData.obj
 0001:0000bf20       ??1?$_Vector_val@VMacroAction@BuildOrderSearch@@V?$allocator@VMacroAction@BuildOrderSearch@@@std@@@std@@QAE@XZ 0040cf20 f i StarcraftData.obj
 0001:0000bf20       ??1?$_Vector_val@U?$pair@HH@std@@V?$allocator@U?$pair@HH@std@@@2@@std@@QAE@XZ 0040cf20 f i test.obj
 0001:0000bf20       ??1?$_Vector_val@HV?$allocator@H@std@@@std@@QAE@XZ 0040cf20 f i test.obj
 0001:0000bf20       ??1?$_Tree_val@V?$_Tset_traits@V?$basic_string@DU?$char_traits@D@std@@V?$allocator@D@2@@std@@U?$less@V?$basic_string@DU?$char_traits@D@std@@V?$allocator@D@2@@std@@@2@V?$allocator@V?$basic_string@DU?$char_traits@D@std@@V?$allocator@D@2@@std@@@2@$0A@@std@@@std@@QAE@XZ 0040cf20 f i test.obj
 0001:0000bf20       ??1?$_Vector_val@IV?$allocator@I@std@@@std@@QAE@XZ 0040cf20 f i StarcraftData.obj
 0001:0000bf20       ??1?$_Vector_val@V?$vector@_NV?$allocator@_N@std@@@std@@V?$allocator@V?$vector@_NV?$allocator@_N@std@@@std@@@2@@std@@QAE@XZ 0040cf20 f i StarcraftData.obj
 0001:0000bf20       ??1?$_Vector_val@EV?$allocator@E@std@@@std@@QAE@XZ 0040cf20 f i StarcraftData.obj
 0001:0000bf20       ??1?$_Vector_val@VStarcraftSearchConstraint@BuildOrderSearch@@V?$allocator@VStarcraftSearchConstraint@BuildOrderSearch@@@std@@@std@@QAE@XZ 0040cf20 f i test.obj
 0001:0000bf30       ??0?$vector@VBitSet@BuildOrderSearch@@V?$allocator@VBitSet@BuildOrderSearch@@@std@@@std@@QAE@I@Z 0040cf30 f i test.obj
 0001:0000bfa0       ?clear@?$vector@VBitSet@BuildOrderSearch@@V?$allocator@VBitSet@BuildOrderSearch@@@std@@@std@@QAEXXZ 0040cfa0 f i test.obj
 0001:0000bfa0       ?clear@?$vector@U?$pair@HH@std@@V?$allocator@U?$pair@HH@std@@@2@@std@@QAEXXZ 0040cfa0 f i test.obj
 0001:0000bff0       ?insert@?$vector@EV?$allocator@E@std@@@std@@QAE?AV?$_Vector_iterator@EV?$allocator@E@std@@@2@V?$_Vector_const_iterator@EV?$allocator@E@std@@@2@ABE@Z 0040cff0 f i test.obj
 0001:0000c0a0       ?clear@?$vector@EV?$allocator@E@std@@@std@@QAEXXZ 0040d0a0 f i test.obj
 0001:0000c0f0       ?_Ufill@?$vector@EV?$allocator@E@std@@@std@@IAEPAEPAEIABE@Z 0040d0f0 f i test.obj
 0001:0000c110       ?insert@?$vector@VStarcraftAction@BuildOrderSearch@@V?$allocator@VStarcraftAction@BuildOrderSearch@@@std@@@std@@QAE?AV?$_Vector_iterator@VStarcraftAction@BuildOrderSearch@@V?$allocator@VStarcraftAction@BuildOrderSearch@@@std@@@2@V?$_Vector_const_iterator@VStarcraftAction@BuildOrderSearch@@V?$allocator@VStarcraftAction@BuildOrderSearch@@@std@@@2@ABVStarcraftAction@BuildOrderSearch@@@Z 0040d110 f i test.obj
 0001:0000c1e0       ?_Ufill@?$vector@VStarcraftAction@BuildOrderSearch@@V?$allocator@VStarcraftAction@BuildOrderSearch@@@std@@@std@@IAEPAVStarcraftAction@BuildOrderSearch@@PAV34@IABV34@@Z 0040d1e0 f i test.obj
 0001:0000c210       ?insert@?$vector@VMacroAction@BuildOrderSearch@@V?$allocator@VMacroAction@BuildOrderSearch@@@std@@@std@@QAE?AV?$_Vector_iterator@VMacroAction@BuildOrderSearch@@V?$allocator@VMacroAction@BuildOrderSearch@@@std@@@2@V?$_Vector_const_iterator@VMacroAction@BuildOrderSearch@@V?$allocator@VMacroAction@BuildOrderSearch@@@std@@@2@ABVMacroAction@BuildOrderSearch@@@Z 0040d210 f i test.obj
 0001:0000c2d0       ?_Ufill@?$vector@VMacroAction@BuildOrderSearch@@V?$allocator@VMacroAction@BuildOrderSearch@@@std@@@std@@IAEPAVMacroAction@BuildOrderSearch@@PAV34@IABV34@@Z 0040d2d0 f i test.obj
 0001:0000c300       ?getDependency@?$DependencyGraph@_N@BuildOrderSearch@@AAE?AVBitSet@2@H@Z 0040d300 f i test.obj
 0001:0000c440       ??0?$vector@V?$vector@_NV?$allocator@_N@std@@@std@@V?$allocator@V?$vector@_NV?$allocator@_N@std@@@std@@@2@@std@@QAE@IABV?$vector@_NV?$allocator@_N@std@@@1@@Z 0040d440 f i test.obj
 0001:0000c4b0       ??0?$vector@V?$vector@_NV?$allocator@_N@std@@@std@@V?$allocator@V?$vector@_NV?$allocator@_N@std@@@std@@@2@@std@@QAE@ABV01@@Z 0040d4b0 f i test.obj
 0001:0000c5c0       ?clear@?$vector@V?$vector@_NV?$allocator@_N@std@@@std@@V?$allocator@V?$vector@_NV?$allocator@_N@std@@@std@@@2@@std@@QAEXXZ 0040d5c0 f i test.obj
 0001:0000c610       ?_Copy@?$_Tree@V?$_Tmap_traits@VUnitType@BWAPI@@HU?$less@VUnitType@BWAPI@@@std@@V?$allocator@U?$pair@$$CBVUnitType@BWAPI@@H@std@@@4@$0A@@std@@@std@@IAEXABV12@@Z 0040d610 f i test.obj
 0001:0000c680       ?_Tidy@?$_Tree@V?$_Tmap_traits@VUnitType@BWAPI@@HU?$less@VUnitType@BWAPI@@@std@@V?$allocator@U?$pair@$$CBVUnitType@BWAPI@@H@std@@@4@$0A@@std@@@std@@IAEXXZ 0040d680 f i test.obj
 0001:0000c6c0       ?clear@?$vector@VStarcraftSearchConstraint@BuildOrderSearch@@V?$allocator@VStarcraftSearchConstraint@BuildOrderSearch@@@std@@@std@@QAEXXZ 0040d6c0 f i test.obj
 0001:0000c710       ?_Buy@?$vector@VStarcraftSearchConstraint@BuildOrderSearch@@V?$allocator@VStarcraftSearchConstraint@BuildOrderSearch@@@std@@@std@@IAE_NI@Z 0040d710 f i test.obj
 0001:0000c740       ?_Tidy@?$vector@U?$pair@HH@std@@V?$allocator@U?$pair@HH@std@@@2@@std@@IAEXXZ 0040d740 f i test.obj
 0001:0000c740       ?_Tidy@?$vector@VBitSet@BuildOrderSearch@@V?$allocator@VBitSet@BuildOrderSearch@@@std@@@std@@IAEXXZ 0040d740 f i StarcraftData.obj
 0001:0000c740       ?_Tidy@?$vector@VStarcraftSearchConstraint@BuildOrderSearch@@V?$allocator@VStarcraftSearchConstraint@BuildOrderSearch@@@std@@@std@@IAEXXZ 0040d740 f i test.obj
 0001:0000c770       ?insert@?$vector@U?$pair@HH@std@@V?$allocator@U?$pair@HH@std@@@2@@std@@QAE?AV?$_Vector_iterator@U?$pair@HH@std@@V?$allocator@U?$pair@HH@std@@@2@@2@V?$_Vector_const_iterator@U?$pair@HH@std@@V?$allocator@U?$pair@HH@std@@@2@@2@ABU?$pair@HH@2@@Z 0040d770 f i test.obj
 0001:0000c820       ??0?$_Tree@V?$_Tset_traits@V?$basic_string@DU?$char_traits@D@std@@V?$allocator@D@2@@std@@U?$less@V?$basic_string@DU?$char_traits@D@std@@V?$allocator@D@2@@std@@@2@V?$allocator@V?$basic_string@DU?$char_traits@D@std@@V?$allocator@D@2@@std@@@2@$0A@@std@@@std@@QAE@ABU?$less@V?$basic_string@DU?$char_traits@D@std@@V?$allocator@D@2@@std@@@1@ABV?$allocator@V?$basic_string@DU?$char_traits@D@std@@V?$allocator@D@2@@std@@@1@@Z 0040d820 f i test.obj
 0001:0000c8a0       ?_Tidy@?$_Tree@V?$_Tset_traits@V?$basic_string@DU?$char_traits@D@std@@V?$allocator@D@2@@std@@U?$less@V?$basic_string@DU?$char_traits@D@std@@V?$allocator@D@2@@std@@@2@V?$allocator@V?$basic_string@DU?$char_traits@D@std@@V?$allocator@D@2@@std@@@2@$0A@@std@@@std@@IAEXXZ 0040d8a0 f i test.obj
 0001:0000c8e0       ??0?$_Tree@V?$_Tset_traits@U?$pair@V?$basic_string@DU?$char_traits@D@std@@V?$allocator@D@2@@std@@V12@@std@@U?$less@U?$pair@V?$basic_string@DU?$char_traits@D@std@@V?$allocator@D@2@@std@@V12@@std@@@2@V?$allocator@U?$pair@V?$basic_string@DU?$char_traits@D@std@@V?$allocator@D@2@@std@@V12@@std@@@2@$0A@@std@@@std@@QAE@ABU?$less@U?$pair@V?$basic_string@DU?$char_traits@D@std@@V?$allocator@D@2@@std@@V12@@std@@@1@ABV?$allocator@U?$pair@V?$basic_string@DU?$char_traits@D@std@@V?$allocator@D@2@@std@@V12@@std@@@1@@Z 0040d8e0 f i test.obj
 0001:0000c960       ?_Tidy@?$_Tree@V?$_Tset_traits@U?$pair@V?$basic_string@DU?$char_traits@D@std@@V?$allocator@D@2@@std@@V12@@std@@U?$less@U?$pair@V?$basic_string@DU?$char_traits@D@std@@V?$allocator@D@2@@std@@V12@@std@@@2@V?$allocator@U?$pair@V?$basic_string@DU?$char_traits@D@std@@V?$allocator@D@2@@std@@V12@@std@@@2@$0A@@std@@@std@@IAEXXZ 0040d960 f i test.obj
 0001:0000c9a0       ?insert@?$vector@VStarcraftState@BuildOrderSearch@@V?$allocator@VStarcraftState@BuildOrderSearch@@@std@@@std@@QAE?AV?$_Vector_iterator@VStarcraftState@BuildOrderSearch@@V?$allocator@VStarcraftState@BuildOrderSearch@@@std@@@2@V?$_Vector_const_iterator@VStarcraftState@BuildOrderSearch@@V?$allocator@VStarcraftState@BuildOrderSearch@@@std@@@2@ABVStarcraftState@BuildOrderSearch@@@Z 0040d9a0 f i test.obj
 0001:0000ca70       ?_Ufill@?$vector@VStarcraftState@BuildOrderSearch@@V?$allocator@VStarcraftState@BuildOrderSearch@@@std@@@std@@IAEPAVStarcraftState@BuildOrderSearch@@PAV34@IABV34@@Z 0040da70 f i test.obj
 0001:0000caa0       ??0sentry@?$basic_ostream@DU?$char_traits@D@std@@@std@@QAE@AAV12@@Z 0040daa0 f i test.obj
 0001:0000cb30       ??1sentry@?$basic_ostream@DU?$char_traits@D@std@@@std@@QAE@XZ 0040db30 f i test.obj
 0001:0000cba0       ??0?$vector@_NV?$allocator@_N@std@@@std@@QAE@I_N@Z 0040dba0 f i test.obj
 0001:0000cc20       ?_Construct_n@?$vector@VBitSet@BuildOrderSearch@@V?$allocator@VBitSet@BuildOrderSearch@@@std@@@std@@QAEXIABVBitSet@BuildOrderSearch@@@Z 0040dc20 f i test.obj
 0001:0000ccd0       ?erase@?$vector@VBitSet@BuildOrderSearch@@V?$allocator@VBitSet@BuildOrderSearch@@@std@@@std@@QAE?AV?$_Vector_iterator@VBitSet@BuildOrderSearch@@V?$allocator@VBitSet@BuildOrderSearch@@@std@@@2@V?$_Vector_const_iterator@VBitSet@BuildOrderSearch@@V?$allocator@VBitSet@BuildOrderSearch@@@std@@@2@0@Z 0040dcd0 f i test.obj
 0001:0000ccd0       ?erase@?$vector@U?$pair@HH@std@@V?$allocator@U?$pair@HH@std@@@2@@std@@QAE?AV?$_Vector_iterator@U?$pair@HH@std@@V?$allocator@U?$pair@HH@std@@@2@@2@V?$_Vector_const_iterator@U?$pair@HH@std@@V?$allocator@U?$pair@HH@std@@@2@@2@0@Z 0040dcd0 f i test.obj
 0001:0000cd70       ?erase@?$vector@EV?$allocator@E@std@@@std@@QAE?AV?$_Vector_iterator@EV?$allocator@E@std@@@2@V?$_Vector_const_iterator@EV?$allocator@E@std@@@2@0@Z 0040dd70 f i test.obj
 0001:0000ce00       ?_Insert_n@?$vector@EV?$allocator@E@std@@@std@@IAEXV?$_Vector_const_iterator@EV?$allocator@E@std@@@2@IABE@Z 0040de00 f i test.obj
 0001:0000cfa0       ?allocate@?$allocator@E@std@@QAEPAEI@Z 0040dfa0 f i test.obj
 0001:0000cff0       ?_Insert_n@?$vector@VStarcraftAction@BuildOrderSearch@@V?$allocator@VStarcraftAction@BuildOrderSearch@@@std@@@std@@IAEXV?$_Vector_const_iterator@VStarcraftAction@BuildOrderSearch@@V?$allocator@VStarcraftAction@BuildOrderSearch@@@std@@@2@IABVStarcraftAction@BuildOrderSearch@@@Z 0040dff0 f i test.obj
 0001:0000d3c0       ?_Insert_n@?$vector@VMacroAction@BuildOrderSearch@@V?$allocator@VMacroAction@BuildOrderSearch@@@std@@@std@@IAEXV?$_Vector_const_iterator@VMacroAction@BuildOrderSearch@@V?$allocator@VMacroAction@BuildOrderSearch@@@std@@@2@IABVMacroAction@BuildOrderSearch@@@Z 0040e3c0 f i test.obj
 0001:0000d670       ?_Construct_n@?$vector@V?$vector@_NV?$allocator@_N@std@@@std@@V?$allocator@V?$vector@_NV?$allocator@_N@std@@@std@@@2@@std@@QAEXIABV?$vector@_NV?$allocator@_N@std@@@2@@Z 0040e670 f i test.obj
 0001:0000d730       ?erase@?$vector@V?$vector@_NV?$allocator@_N@std@@@std@@V?$allocator@V?$vector@_NV?$allocator@_N@std@@@std@@@2@@std@@QAE?AV?$_Vector_iterator@V?$vector@_NV?$allocator@_N@std@@@std@@V?$allocator@V?$vector@_NV?$allocator@_N@std@@@std@@@2@@2@V?$_Vector_const_iterator@V?$vector@_NV?$allocator@_N@std@@@std@@V?$allocator@V?$vector@_NV?$allocator@_N@std@@@std@@@2@@2@0@Z 0040e730 f i test.obj
 0001:0000d7d0       ?erase@?$_Tree@V?$_Tmap_traits@VUnitType@BWAPI@@HU?$less@VUnitType@BWAPI@@@std@@V?$allocator@U?$pair@$$CBVUnitType@BWAPI@@H@std@@@4@$0A@@std@@@std@@QAE?AViterator@12@Vconst_iterator@12@0@Z 0040e7d0 f i test.obj
 0001:0000d8b0       ?_Copy@?$_Tree@V?$_Tmap_traits@VUnitType@BWAPI@@HU?$less@VUnitType@BWAPI@@@std@@V?$allocator@U?$pair@$$CBVUnitType@BWAPI@@H@std@@@4@$0A@@std@@@std@@IAEPAU_Node@?$_Tree_nod@V?$_Tmap_traits@VUnitType@BWAPI@@HU?$less@VUnitType@BWAPI@@@std@@V?$allocator@U?$pair@$$CBVUnitType@BWAPI@@H@std@@@4@$0A@@std@@@2@PAU342@0@Z 0040e8b0 f i test.obj
 0001:0000d970       ?_Max@?$_Tree@V?$_Tmap_traits@VUnitType@BWAPI@@HU?$less@VUnitType@BWAPI@@@std@@V?$allocator@U?$pair@$$CBVUnitType@BWAPI@@H@std@@@4@$0A@@std@@@std@@KAPAU_Node@?$_Tree_nod@V?$_Tmap_traits@VUnitType@BWAPI@@HU?$less@VUnitType@BWAPI@@@std@@V?$allocator@U?$pair@$$CBVUnitType@BWAPI@@H@std@@@4@$0A@@std@@@2@PAU342@@Z 0040e970 f i test.obj
 0001:0000d990       ?_Min@?$_Tree@V?$_Tmap_traits@VUnitType@BWAPI@@HU?$less@VUnitType@BWAPI@@@std@@V?$allocator@U?$pair@$$CBVUnitType@BWAPI@@H@std@@@4@$0A@@std@@@std@@KAPAU_Node@?$_Tree_nod@V?$_Tmap_traits@VUnitType@BWAPI@@HU?$less@VUnitType@BWAPI@@@std@@V?$allocator@U?$pair@$$CBVUnitType@BWAPI@@H@std@@@4@$0A@@std@@@2@PAU342@@Z 0040e990 f i test.obj
 0001:0000d9b0       ?_Buynode@?$_Tree@V?$_Tmap_traits@VUnitType@BWAPI@@HU?$less@VUnitType@BWAPI@@@std@@V?$allocator@U?$pair@$$CBVUnitType@BWAPI@@H@std@@@4@$0A@@std@@@std@@IAEPAU_Node@?$_Tree_nod@V?$_Tmap_traits@VUnitType@BWAPI@@HU?$less@VUnitType@BWAPI@@@std@@V?$allocator@U?$pair@$$CBVUnitType@BWAPI@@H@std@@@4@$0A@@std@@@2@XZ 0040e9b0 f i test.obj
 0001:0000d9f0       ?erase@?$vector@VStarcraftSearchConstraint@BuildOrderSearch@@V?$allocator@VStarcraftSearchConstraint@BuildOrderSearch@@@std@@@std@@QAE?AV?$_Vector_iterator@VStarcraftSearchConstraint@BuildOrderSearch@@V?$allocator@VStarcraftSearchConstraint@BuildOrderSearch@@@std@@@2@V?$_Vector_const_iterator@VStarcraftSearchConstraint@BuildOrderSearch@@V?$allocator@VStarcraftSearchConstraint@BuildOrderSearch@@@std@@@2@0@Z 0040e9f0 f i test.obj
 0001:0000dab0       ?allocate@?$allocator@VStarcraftSearchConstraint@BuildOrderSearch@@@std@@QAEPAVStarcraftSearchConstraint@BuildOrderSearch@@I@Z 0040eab0 f i test.obj
 0001:0000db10       ?_Insert_n@?$vector@U?$pair@HH@std@@V?$allocator@U?$pair@HH@std@@@2@@std@@IAEXV?$_Vector_const_iterator@U?$pair@HH@std@@V?$allocator@U?$pair@HH@std@@@2@@2@IABU?$pair@HH@2@@Z 0040eb10 f i test.obj
 0001:0000dd60       ?erase@?$_Tree@V?$_Tset_traits@V?$basic_string@DU?$char_traits@D@std@@V?$allocator@D@2@@std@@U?$less@V?$basic_string@DU?$char_traits@D@std@@V?$allocator@D@2@@std@@@2@V?$allocator@V?$basic_string@DU?$char_traits@D@std@@V?$allocator@D@2@@std@@@2@$0A@@std@@@std@@QAE?AViterator@12@Vconst_iterator@12@0@Z 0040ed60 f i test.obj
 0001:0000dea0       ?_Lrotate@?$_Tree@V?$_Tset_traits@V?$basic_string@DU?$char_traits@D@std@@V?$allocator@D@2@@std@@U?$less@V?$basic_string@DU?$char_traits@D@std@@V?$allocator@D@2@@std@@@2@V?$allocator@V?$basic_string@DU?$char_traits@D@std@@V?$allocator@D@2@@std@@@2@$0A@@std@@@std@@IAEXPAU_Node@?$_Tree_nod@V?$_Tset_traits@V?$basic_string@DU?$char_traits@D@std@@V?$allocator@D@2@@std@@U?$less@V?$basic_string@DU?$char_traits@D@std@@V?$allocator@D@2@@std@@@2@V?$allocator@V?$basic_string@DU?$char_traits@D@std@@V?$allocator@D@2@@std@@@2@$0A@@std@@@2@@Z 0040eea0 f i test.obj
 0001:0000df00       ?_Rrotate@?$_Tree@V?$_Tset_traits@V?$basic_string@DU?$char_traits@D@std@@V?$allocator@D@2@@std@@U?$less@V?$basic_string@DU?$char_traits@D@std@@V?$allocator@D@2@@std@@@2@V?$allocator@V?$basic_string@DU?$char_traits@D@std@@V?$allocator@D@2@@std@@@2@$0A@@std@@@std@@IAEXPAU_Node@?$_Tree_nod@V?$_Tset_traits@V?$basic_string@DU?$char_traits@D@std@@V?$allocator@D@2@@std@@U?$less@V?$basic_string@DU?$char_traits@D@std@@V?$allocator@D@2@@std@@@2@V?$allocator@V?$basic_string@DU?$char_traits@D@std@@V?$allocator@D@2@@std@@@2@$0A@@std@@@2@@Z 0040ef00 f i test.obj
 0001:0000df60       ?erase@?$_Tree@V?$_Tset_traits@U?$pair@V?$basic_string@DU?$char_traits@D@std@@V?$allocator@D@2@@std@@V12@@std@@U?$less@U?$pair@V?$basic_string@DU?$char_traits@D@std@@V?$allocator@D@2@@std@@V12@@std@@@2@V?$allocator@U?$pair@V?$basic_string@DU?$char_traits@D@std@@V?$allocator@D@2@@std@@V12@@std@@@2@$0A@@std@@@std@@QAE?AViterator@12@Vconst_iterator@12@0@Z 0040ef60 f i test.obj
 0001:0000e0a0       ?_Lrotate@?$_Tree@V?$_Tset_traits@U?$pair@V?$basic_string@DU?$char_traits@D@std@@V?$allocator@D@2@@std@@V12@@std@@U?$less@U?$pair@V?$basic_string@DU?$char_traits@D@std@@V?$allocator@D@2@@std@@V12@@std@@@2@V?$allocator@U?$pair@V?$basic_string@DU?$char_traits@D@std@@V?$allocator@D@2@@std@@V12@@std@@@2@$0A@@std@@@std@@IAEXPAU_Node@?$_Tree_nod@V?$_Tset_traits@U?$pair@V?$basic_string@DU?$char_traits@D@std@@V?$allocator@D@2@@std@@V12@@std@@U?$less@U?$pair@V?$basic_string@DU?$char_traits@D@std@@V?$allocator@D@2@@std@@V12@@std@@@2@V?$allocator@U?$pair@V?$basic_string@DU?$char_traits@D@std@@V?$allocator@D@2@@std@@V12@@std@@@2@$0A@@std@@@2@@Z 0040f0a0 f i test.obj
 0001:0000e100       ?_Rrotate@?$_Tree@V?$_Tset_traits@U?$pair@V?$basic_string@DU?$char_traits@D@std@@V?$allocator@D@2@@std@@V12@@std@@U?$less@U?$pair@V?$basic_string@DU?$char_traits@D@std@@V?$allocator@D@2@@std@@V12@@std@@@2@V?$allocator@U?$pair@V?$basic_string@DU?$char_traits@D@std@@V?$allocator@D@2@@std@@V12@@std@@@2@$0A@@std@@@std@@IAEXPAU_Node@?$_Tree_nod@V?$_Tset_traits@U?$pair@V?$basic_string@DU?$char_traits@D@std@@V?$allocator@D@2@@std@@V12@@std@@U?$less@U?$pair@V?$basic_string@DU?$char_traits@D@std@@V?$allocator@D@2@@std@@V12@@std@@@2@V?$allocator@U?$pair@V?$basic_string@DU?$char_traits@D@std@@V?$allocator@D@2@@std@@V12@@std@@@2@$0A@@std@@@2@@Z 0040f100 f i test.obj
 0001:0000e160       ?_Destroy@?$vector@VStarcraftState@BuildOrderSearch@@V?$allocator@VStarcraftState@BuildOrderSearch@@@std@@@std@@IAEXPAVStarcraftState@BuildOrderSearch@@0@Z 0040f160 f i test.obj
 0001:0000e180       ?_Insert_n@?$vector@VStarcraftState@BuildOrderSearch@@V?$allocator@VStarcraftState@BuildOrderSearch@@@std@@@std@@IAEXV?$_Vector_const_iterator@VStarcraftState@BuildOrderSearch@@V?$allocator@VStarcraftState@BuildOrderSearch@@@std@@@2@IABVStarcraftState@BuildOrderSearch@@@Z 0040f180 f i test.obj
 0001:0000e570       ?_Xlen@?$vector@VStarcraftSearchConstraint@BuildOrderSearch@@V?$allocator@VStarcraftSearchConstraint@BuildOrderSearch@@@std@@@std@@KAXXZ 0040f570 f i test.obj
 0001:0000e570       ?_Xlen@?$vector@HV?$allocator@H@std@@@std@@KAXXZ 0040f570 f i test.obj
 0001:0000e570       ?_Xlen@?$vector@VStarcraftState@BuildOrderSearch@@V?$allocator@VStarcraftState@BuildOrderSearch@@@std@@@std@@KAXXZ 0040f570 f i test.obj
 0001:0000e570       ?_Xlen@?$vector@IV?$allocator@I@std@@@std@@KAXXZ 0040f570 f i test.obj
 0001:0000e5f0       ?allocate@?$allocator@VStarcraftState@BuildOrderSearch@@@std@@QAEPAVStarcraftState@BuildOrderSearch@@I@Z 0040f5f0 f i test.obj
 0001:0000e650       ??1_Sentry_base@?$basic_ostream@DU?$char_traits@D@std@@@std@@QAE@XZ 0040f650 f i test.obj
 0001:0000e670       ?_Trim@?$vector@_NV?$allocator@_N@std@@@std@@IAEXI@Z 0040f670 f i test.obj
 0001:0000e760       ??0?$vector@IV?$allocator@I@std@@@std@@QAE@IABI@Z 0040f760 f i test.obj
 0001:0000e7d0       ??0StarcraftAction@BuildOrderSearch@@QAE@ABV01@@Z 0040f7d0 f i test.obj
 0001:0000e8e0       ?erase@?$_Tree@V?$_Tmap_traits@VUnitType@BWAPI@@HU?$less@VUnitType@BWAPI@@@std@@V?$allocator@U?$pair@$$CBVUnitType@BWAPI@@H@std@@@4@$0A@@std@@@std@@QAE?AViterator@12@Vconst_iterator@12@@Z 0040f8e0 f i test.obj
 0001:0000ebd0       ?_Erase@?$_Tree@V?$_Tmap_traits@VUnitType@BWAPI@@HU?$less@VUnitType@BWAPI@@@std@@V?$allocator@U?$pair@$$CBVUnitType@BWAPI@@H@std@@@4@$0A@@std@@@std@@IAEXPAU_Node@?$_Tree_nod@V?$_Tmap_traits@VUnitType@BWAPI@@HU?$less@VUnitType@BWAPI@@@std@@V?$allocator@U?$pair@$$CBVUnitType@BWAPI@@H@std@@@4@$0A@@std@@@2@@Z 0040fbd0 f i test.obj
 0001:0000ec10       ?_Buynode@?$_Tree@V?$_Tmap_traits@VUnitType@BWAPI@@HU?$less@VUnitType@BWAPI@@@std@@V?$allocator@U?$pair@$$CBVUnitType@BWAPI@@H@std@@@4@$0A@@std@@@std@@IAEPAU_Node@?$_Tree_nod@V?$_Tmap_traits@VUnitType@BWAPI@@HU?$less@VUnitType@BWAPI@@@std@@V?$allocator@U?$pair@$$CBVUnitType@BWAPI@@H@std@@@4@$0A@@std@@@2@PAU342@00ABU?$pair@$$CBVUnitType@BWAPI@@H@2@D@Z 0040fc10 f i test.obj
 0001:0000ec50       ?_Inc@const_iterator@?$_Tree@V?$_Tmap_traits@VUnitType@BWAPI@@HU?$less@VUnitType@BWAPI@@@std@@V?$allocator@U?$pair@$$CBVUnitType@BWAPI@@H@std@@@4@$0A@@std@@@std@@QAEXXZ 0040fc50 f i test.obj
 0001:0000ecc0       ?erase@?$_Tree@V?$_Tset_traits@V?$basic_string@DU?$char_traits@D@std@@V?$allocator@D@2@@std@@U?$less@V?$basic_string@DU?$char_traits@D@std@@V?$allocator@D@2@@std@@@2@V?$allocator@V?$basic_string@DU?$char_traits@D@std@@V?$allocator@D@2@@std@@@2@$0A@@std@@@std@@QAE?AViterator@12@Vconst_iterator@12@@Z 0040fcc0 f i test.obj
 0001:0000efd0       ?_Buynode@?$_Tree@V?$_Tset_traits@V?$basic_string@DU?$char_traits@D@std@@V?$allocator@D@2@@std@@U?$less@V?$basic_string@DU?$char_traits@D@std@@V?$allocator@D@2@@std@@@2@V?$allocator@V?$basic_string@DU?$char_traits@D@std@@V?$allocator@D@2@@std@@@2@$0A@@std@@@std@@IAEPAU_Node@?$_Tree_nod@V?$_Tset_traits@V?$basic_string@DU?$char_traits@D@std@@V?$allocator@D@2@@std@@U?$less@V?$basic_string@DU?$char_traits@D@std@@V?$allocator@D@2@@std@@@2@V?$allocator@V?$basic_string@DU?$char_traits@D@std@@V?$allocator@D@2@@std@@@2@$0A@@std@@@2@XZ 0040ffd0 f i test.obj
 0001:0000f010       ?erase@?$_Tree@V?$_Tset_traits@U?$pair@V?$basic_string@DU?$char_traits@D@std@@V?$allocator@D@2@@std@@V12@@std@@U?$less@U?$pair@V?$basic_string@DU?$char_traits@D@std@@V?$allocator@D@2@@std@@V12@@std@@@2@V?$allocator@U?$pair@V?$basic_string@DU?$char_traits@D@std@@V?$allocator@D@2@@std@@V12@@std@@@2@$0A@@std@@@std@@QAE?AViterator@12@Vconst_iterator@12@@Z 00410010 f i test.obj
 0001:0000f330       ?_Buynode@?$_Tree@V?$_Tset_traits@U?$pair@V?$basic_string@DU?$char_traits@D@std@@V?$allocator@D@2@@std@@V12@@std@@U?$less@U?$pair@V?$basic_string@DU?$char_traits@D@std@@V?$allocator@D@2@@std@@V12@@std@@@2@V?$allocator@U?$pair@V?$basic_string@DU?$char_traits@D@std@@V?$allocator@D@2@@std@@V12@@std@@@2@$0A@@std@@@std@@IAEPAU_Node@?$_Tree_nod@V?$_Tset_traits@U?$pair@V?$basic_string@DU?$char_traits@D@std@@V?$allocator@D@2@@std@@V12@@std@@U?$less@U?$pair@V?$basic_string@DU?$char_traits@D@std@@V?$allocator@D@2@@std@@V12@@std@@@2@V?$allocator@U?$pair@V?$basic_string@DU?$char_traits@D@std@@V?$allocator@D@2@@std@@V12@@std@@@2@$0A@@std@@@2@XZ 00410330 f i test.obj
 0001:0000f370       ?_Xlen@?$vector@_NV?$allocator@_N@std@@@std@@IBEXXZ 00410370 f i test.obj
 0001:0000f3f0       ?_Construct_n@?$vector@IV?$allocator@I@std@@@std@@QAEXIABI@Z 004103f0 f i test.obj
 0001:0000f3f0       ?_Construct_n@?$vector@HV?$allocator@H@std@@@std@@QAEXIABH@Z 004103f0 f i test.obj
 0001:0000f450       ?erase@?$vector@IV?$allocator@I@std@@@std@@QAE?AV?$_Vector_iterator@IV?$allocator@I@std@@@2@V?$_Vector_const_iterator@IV?$allocator@I@std@@@2@0@Z 00410450 f i test.obj
 0001:0000f4f0       ?_Lrotate@?$_Tree@V?$_Tmap_traits@VUnitType@BWAPI@@HU?$less@VUnitType@BWAPI@@@std@@V?$allocator@U?$pair@$$CBVUnitType@BWAPI@@H@std@@@4@$0A@@std@@@std@@IAEXPAU_Node@?$_Tree_nod@V?$_Tmap_traits@VUnitType@BWAPI@@HU?$less@VUnitType@BWAPI@@@std@@V?$allocator@U?$pair@$$CBVUnitType@BWAPI@@H@std@@@4@$0A@@std@@@2@@Z 004104f0 f i test.obj
 0001:0000f550       ?_Rrotate@?$_Tree@V?$_Tmap_traits@VUnitType@BWAPI@@HU?$less@VUnitType@BWAPI@@@std@@V?$allocator@U?$pair@$$CBVUnitType@BWAPI@@H@std@@@4@$0A@@std@@@std@@IAEXPAU_Node@?$_Tree_nod@V?$_Tmap_traits@VUnitType@BWAPI@@HU?$less@VUnitType@BWAPI@@@std@@V?$allocator@U?$pair@$$CBVUnitType@BWAPI@@H@std@@@4@$0A@@std@@@2@@Z 00410550 f i test.obj
 0001:0000f5b0       ?_Erase@?$_Tree@V?$_Tset_traits@V?$basic_string@DU?$char_traits@D@std@@V?$allocator@D@2@@std@@U?$less@V?$basic_string@DU?$char_traits@D@std@@V?$allocator@D@2@@std@@@2@V?$allocator@V?$basic_string@DU?$char_traits@D@std@@V?$allocator@D@2@@std@@@2@$0A@@std@@@std@@IAEXPAU_Node@?$_Tree_nod@V?$_Tset_traits@V?$basic_string@DU?$char_traits@D@std@@V?$allocator@D@2@@std@@U?$less@V?$basic_string@DU?$char_traits@D@std@@V?$allocator@D@2@@std@@@2@V?$allocator@V?$basic_string@DU?$char_traits@D@std@@V?$allocator@D@2@@std@@@2@$0A@@std@@@2@@Z 004105b0 f i test.obj
 0001:0000f600       ?_Erase@?$_Tree@V?$_Tset_traits@U?$pair@V?$basic_string@DU?$char_traits@D@std@@V?$allocator@D@2@@std@@V12@@std@@U?$less@U?$pair@V?$basic_string@DU?$char_traits@D@std@@V?$allocator@D@2@@std@@V12@@std@@@2@V?$allocator@U?$pair@V?$basic_string@DU?$char_traits@D@std@@V?$allocator@D@2@@std@@V12@@std@@@2@$0A@@std@@@std@@IAEXPAU_Node@?$_Tree_nod@V?$_Tset_traits@U?$pair@V?$basic_string@DU?$char_traits@D@std@@V?$allocator@D@2@@std@@V12@@std@@U?$less@U?$pair@V?$basic_string@DU?$char_traits@D@std@@V?$allocator@D@2@@std@@V12@@std@@@2@V?$allocator@U?$pair@V?$basic_string@DU?$char_traits@D@std@@V?$allocator@D@2@@std@@V12@@std@@@2@$0A@@std@@@2@@Z 00410600 f i test.obj
 0001:0000f690       ?_Buy@?$vector@IV?$allocator@I@std@@@std@@IAE_NI@Z 00410690 f i test.obj
 0001:0000f6d0       ??Y?$_Vb_const_iterator@IHV?$vector@_NV?$allocator@_N@std@@@std@@@std@@QAEAAV01@H@Z 004106d0 f i test.obj
 0001:0000f7d0       ?_Inc@const_iterator@?$_Tree@V?$_Tset_traits@V?$basic_string@DU?$char_traits@D@std@@V?$allocator@D@2@@std@@U?$less@V?$basic_string@DU?$char_traits@D@std@@V?$allocator@D@2@@std@@@2@V?$allocator@V?$basic_string@DU?$char_traits@D@std@@V?$allocator@D@2@@std@@@2@$0A@@std@@@std@@QAEXXZ 004107d0 f i test.obj
 0001:0000f840       ?_Inc@const_iterator@?$_Tree@V?$_Tset_traits@U?$pair@V?$basic_string@DU?$char_traits@D@std@@V?$allocator@D@2@@std@@V12@@std@@U?$less@U?$pair@V?$basic_string@DU?$char_traits@D@std@@V?$allocator@D@2@@std@@V12@@std@@@2@V?$allocator@U?$pair@V?$basic_string@DU?$char_traits@D@std@@V?$allocator@D@2@@std@@V12@@std@@@2@$0A@@std@@@std@@QAEXXZ 00410840 f i test.obj
 0001:0000f8b0       ?allocate@?$allocator@I@std@@QAEPAII@Z 004108b0 f i test.obj
 0001:0000f8b0       ?allocate@?$allocator@H@std@@QAEPAHI@Z 004108b0 f i test.obj
 0001:0000f910       ??$?6U?$char_traits@D@std@@@std@@YAAAV?$basic_ostream@DU?$char_traits@D@std@@@0@AAV10@PBD@Z 00410910 f i test.obj
 0001:0000fad0       ??$?6U?$char_traits@D@std@@@std@@YAAAV?$basic_ostream@DU?$char_traits@D@std@@@0@AAV10@D@Z 00410ad0 f i test.obj
 0001:0000fc70       ??$unchecked_copy@PAU?$pair@HH@std@@PAU12@@stdext@@YAPAU?$pair@HH@std@@PAU12@00@Z 00410c70 f i test.obj
 0001:0000fc70       ??$unchecked_copy@PAVBitSet@BuildOrderSearch@@PAV12@@stdext@@YAPAVBitSet@BuildOrderSearch@@PAV12@00@Z 00410c70 f i test.obj
 0001:0000fca0       ??$_Ucopy@PAU?$pair@HH@std@@@?$vector@U?$pair@HH@std@@V?$allocator@U?$pair@HH@std@@@2@@std@@IAEPAU?$pair@HH@1@PAU21@00@Z 00410ca0 f i test.obj
 0001:0000fca0       ??$_Ucopy@PAVBitSet@BuildOrderSearch@@@?$vector@VBitSet@BuildOrderSearch@@V?$allocator@VBitSet@BuildOrderSearch@@@std@@@std@@IAEPAVBitSet@BuildOrderSearch@@PAV23@00@Z 00410ca0 f i test.obj
 0001:0000fca0       ??$_Umove@PAU?$pair@HH@std@@@?$vector@U?$pair@HH@std@@V?$allocator@U?$pair@HH@std@@@2@@std@@IAEPAU?$pair@HH@1@PAU21@00@Z 00410ca0 f i test.obj
 0001:0000fcd0       ??$_Ucopy@V?$_Vector_const_iterator@EV?$allocator@E@std@@@std@@@?$vector@EV?$allocator@E@std@@@std@@IAEPAEV?$_Vector_const_iterator@EV?$allocator@E@std@@@1@0PAE@Z 00410cd0 f i test.obj
 0001:0000fd00       ??$_Ucopy@PAE@?$vector@EV?$allocator@E@std@@@std@@IAEPAEPAE00@Z 00410d00 f i test.obj
 0001:0000fd20       ??$unchecked_copy@PAV?$vector@_NV?$allocator@_N@std@@@std@@PAV12@@stdext@@YAPAV?$vector@_NV?$allocator@_N@std@@@std@@PAV12@00@Z 00410d20 f i test.obj
 0001:0000fd50       ??$_Ucopy@PAV?$vector@_NV?$allocator@_N@std@@@std@@@?$vector@V?$vector@_NV?$allocator@_N@std@@@std@@V?$allocator@V?$vector@_NV?$allocator@_N@std@@@std@@@2@@std@@IAEPAV?$vector@_NV?$allocator@_N@std@@@1@PAV21@00@Z 00410d50 f i test.obj
 0001:0000fd80       ??$unchecked_copy@PAVStarcraftSearchConstraint@BuildOrderSearch@@PAV12@@stdext@@YAPAVStarcraftSearchConstraint@BuildOrderSearch@@PAV12@00@Z 00410d80 f i test.obj
 0001:0000fdd0       ??$_Ucopy@PAVStarcraftSearchConstraint@BuildOrderSearch@@@?$vector@VStarcraftSearchConstraint@BuildOrderSearch@@V?$allocator@VStarcraftSearchConstraint@BuildOrderSearch@@@std@@@std@@IAEPAVStarcraftSearchConstraint@BuildOrderSearch@@PAV23@00@Z 00410dd0 f i test.obj
 0001:0000fe00       ??$_Ucopy@V?$_Vector_const_iterator@U?$pair@HH@std@@V?$allocator@U?$pair@HH@std@@@2@@std@@@?$vector@U?$pair@HH@std@@V?$allocator@U?$pair@HH@std@@@2@@std@@IAEPAU?$pair@HH@1@V?$_Vector_const_iterator@U?$pair@HH@std@@V?$allocator@U?$pair@HH@std@@@2@@1@0PAU21@@Z 00410e00 f i test.obj
 0001:0000fe30       ??$_Umove@PAVStarcraftAction@BuildOrderSearch@@@?$vector@VStarcraftAction@BuildOrderSearch@@V?$allocator@VStarcraftAction@BuildOrderSearch@@@std@@@std@@IAEPAVStarcraftAction@BuildOrderSearch@@PAV23@00@Z 00410e30 f i test.obj
 0001:0000fe60       ??$fill@PAVStarcraftAction@BuildOrderSearch@@V12@@std@@YAXPAVStarcraftAction@BuildOrderSearch@@0ABV12@@Z 00410e60 f i test.obj
 0001:0000fe90       ??$_Umove@PAVMacroAction@BuildOrderSearch@@@?$vector@VMacroAction@BuildOrderSearch@@V?$allocator@VMacroAction@BuildOrderSearch@@@std@@@std@@IAEPAVMacroAction@BuildOrderSearch@@PAV23@00@Z 00410e90 f i test.obj
 0001:0000fec0       ??$fill@PAVMacroAction@BuildOrderSearch@@V12@@std@@YAXPAVMacroAction@BuildOrderSearch@@0ABV12@@Z 00410ec0 f i test.obj
 0001:0000fef0       ??$_Unchecked_move_backward@PAVMacroAction@BuildOrderSearch@@PAV12@@stdext@@YAPAVMacroAction@BuildOrderSearch@@PAV12@00@Z 00410ef0 f i test.obj
 0001:0000ff30       ??$_Unchecked_move_backward@PAU?$pair@HH@std@@PAU12@@stdext@@YAPAU?$pair@HH@std@@PAU12@00@Z 00410f30 f i test.obj
 0001:0000ff70       ??$_Umove@PAVStarcraftState@BuildOrderSearch@@@?$vector@VStarcraftState@BuildOrderSearch@@V?$allocator@VStarcraftState@BuildOrderSearch@@@std@@@std@@IAEPAVStarcraftState@BuildOrderSearch@@PAV23@00@Z 00410f70 f i test.obj
 0001:0000ffa0       ??$unchecked_copy@PAIPAI@stdext@@YAPAIPAI00@Z 00410fa0 f i test.obj
 0001:0000ffd0       ??$_Sort@PAVActionInProgress@BuildOrderSearch@@H@std@@YAXPAVActionInProgress@BuildOrderSearch@@0H@Z 00410fd0 f i test.obj
 0001:000100a0       ??$_Copy_opt@PAV?$vector@_NV?$allocator@_N@std@@@std@@PAV12@@std@@YAPAV?$vector@_NV?$allocator@_N@std@@@0@PAV10@00Urandom_access_iterator_tag@0@U_Nonscalar_ptr_iterator_tag@0@U_Range_checked_iterator_tag@0@@Z 004110a0 f i test.obj
 0001:00010110       ??$_Uninit_fill_n@PAVStarcraftAction@BuildOrderSearch@@IV12@V?$allocator@VStarcraftAction@BuildOrderSearch@@@std@@@std@@YAXPAVStarcraftAction@BuildOrderSearch@@IABV12@AAV?$allocator@VStarcraftAction@BuildOrderSearch@@@0@U_Nonscalar_ptr_iterator_tag@0@U_Range_checked_iterator_tag@0@@Z 00411110 f i test.obj
 0001:000101b0       ??$_Uninit_fill_n@PAVMacroAction@BuildOrderSearch@@IV12@V?$allocator@VMacroAction@BuildOrderSearch@@@std@@@std@@YAXPAVMacroAction@BuildOrderSearch@@IABV12@AAV?$allocator@VMacroAction@BuildOrderSearch@@@0@U_Nonscalar_ptr_iterator_tag@0@U_Range_checked_iterator_tag@0@@Z 004111b0 f i test.obj
 0001:00010250       ??$_Uninit_fill_n@PAVStarcraftState@BuildOrderSearch@@IV12@V?$allocator@VStarcraftState@BuildOrderSearch@@@std@@@std@@YAXPAVStarcraftState@BuildOrderSearch@@IABV12@AAV?$allocator@VStarcraftState@BuildOrderSearch@@@0@U_Nonscalar_ptr_iterator_tag@0@U_Range_checked_iterator_tag@0@@Z 00411250 f i test.obj
 0001:000102f0       ??$_Destroy_range@V?$allocator@VStarcraftState@BuildOrderSearch@@@std@@@std@@YAXPAVStarcraftState@BuildOrderSearch@@0AAV?$allocator@VStarcraftState@BuildOrderSearch@@@0@U_Nonscalar_ptr_iterator_tag@0@@Z 004112f0 f i test.obj
 0001:00010360       ??$_Uninit_fill_n@PAVBitSet@BuildOrderSearch@@IV12@V?$allocator@VBitSet@BuildOrderSearch@@@std@@@std@@YAXPAVBitSet@BuildOrderSearch@@IABV12@AAV?$allocator@VBitSet@BuildOrderSearch@@@0@U_Nonscalar_ptr_iterator_tag@0@U_Range_checked_iterator_tag@0@@Z 00411360 f i test.obj
 0001:00010360       ??$_Uninit_fill_n@PAU?$pair@HH@std@@IU12@V?$allocator@U?$pair@HH@std@@@2@@std@@YAXPAU?$pair@HH@0@IABU10@AAV?$allocator@U?$pair@HH@std@@@0@U_Nonscalar_ptr_iterator_tag@0@U_Range_checked_iterator_tag@0@@Z 00411360 f i test.obj
 0001:00010380       ??$_Uninit_fill_n@PAV?$vector@_NV?$allocator@_N@std@@@std@@IV12@V?$allocator@V?$vector@_NV?$allocator@_N@std@@@std@@@2@@std@@YAXPAV?$vector@_NV?$allocator@_N@std@@@0@IABV10@AAV?$allocator@V?$vector@_NV?$allocator@_N@std@@@std@@@0@U_Nonscalar_ptr_iterator_tag@0@U_Range_checked_iterator_tag@0@@Z 00411380 f i test.obj
 0001:00010440       ??4StarcraftAction@BuildOrderSearch@@QAEAAV01@ABV01@@Z 00411440 f i test.obj
 0001:00010510       ??$_Unguarded_partition@PAVActionInProgress@BuildOrderSearch@@@std@@YA?AU?$pair@PAVActionInProgress@BuildOrderSearch@@PAV12@@0@PAVActionInProgress@BuildOrderSearch@@0@Z 00411510 f i test.obj
 0001:00010710       ??$_Uninit_copy@PBU?$pair@HH@std@@PAU12@V?$allocator@U?$pair@HH@std@@@2@@std@@YAPAU?$pair@HH@0@PBU10@0PAU10@AAV?$allocator@U?$pair@HH@std@@@0@U_Nonscalar_ptr_iterator_tag@0@U_Range_checked_iterator_tag@0@@Z 00411710 f i test.obj
 0001:00010710       ??$_Uninit_copy@PAU?$pair@HH@std@@PAU12@V?$allocator@U?$pair@HH@std@@@2@@std@@YAPAU?$pair@HH@0@PAU10@00AAV?$allocator@U?$pair@HH@std@@@0@U_Nonscalar_ptr_iterator_tag@0@U_Range_checked_iterator_tag@0@@Z 00411710 f i test.obj
 0001:00010710       ??$_Uninit_copy@PAVBitSet@BuildOrderSearch@@PAV12@V?$allocator@VBitSet@BuildOrderSearch@@@std@@@std@@YAPAVBitSet@BuildOrderSearch@@PAV12@00AAV?$allocator@VBitSet@BuildOrderSearch@@@0@U_Nonscalar_ptr_iterator_tag@0@U_Range_checked_iterator_tag@0@@Z 00411710 f i test.obj
 0001:00010730       ??$_Uninit_copy@PAVStarcraftSearchConstraint@BuildOrderSearch@@PAV12@V?$allocator@VStarcraftSearchConstraint@BuildOrderSearch@@@std@@@std@@YAPAVStarcraftSearchConstraint@BuildOrderSearch@@PAV12@00AAV?$allocator@VStarcraftSearchConstraint@BuildOrderSearch@@@0@U_Nonscalar_ptr_iterator_tag@0@U_Range_checked_iterator_tag@0@@Z 00411730 f i test.obj
 0001:00010730       ??$_Uninit_copy@PBVStarcraftSearchConstraint@BuildOrderSearch@@PAV12@V?$allocator@VStarcraftSearchConstraint@BuildOrderSearch@@@std@@@std@@YAPAVStarcraftSearchConstraint@BuildOrderSearch@@PBV12@0PAV12@AAV?$allocator@VStarcraftSearchConstraint@BuildOrderSearch@@@0@U_Nonscalar_ptr_iterator_tag@0@U_Range_checked_iterator_tag@0@@Z 00411730 f i test.obj
 0001:00010760       ??$_Uninit_copy@PAV?$vector@_NV?$allocator@_N@std@@@std@@PAV12@V?$allocator@V?$vector@_NV?$allocator@_N@std@@@std@@@2@@std@@YAPAV?$vector@_NV?$allocator@_N@std@@@0@PAV10@00AAV?$allocator@V?$vector@_NV?$allocator@_N@std@@@std@@@0@U_Nonscalar_ptr_iterator_tag@0@U_Range_checked_iterator_tag@0@@Z 00411760 f i test.obj
 0001:00010760       ??$_Uninit_copy@PBV?$vector@_NV?$allocator@_N@std@@@std@@PAV12@V?$allocator@V?$vector@_NV?$allocator@_N@std@@@std@@@2@@std@@YAPAV?$vector@_NV?$allocator@_N@std@@@0@PBV10@0PAV10@AAV?$allocator@V?$vector@_NV?$allocator@_N@std@@@std@@@0@U_Nonscalar_ptr_iterator_tag@0@U_Range_checked_iterator_tag@0@@Z 00411760 f i test.obj
 0001:00010820       ??$_Copy_backward_opt@PAVStarcraftAction@BuildOrderSearch@@PAV12@@std@@YAPAVStarcraftAction@BuildOrderSearch@@PAV12@00Urandom_access_iterator_tag@0@U_Nonscalar_ptr_iterator_tag@0@U_Range_checked_iterator_tag@0@@Z 00411820 f i test.obj
 0001:00010880       ??$_Copy_backward_opt@PAVStarcraftState@BuildOrderSearch@@PAV12@@std@@YAPAVStarcraftState@BuildOrderSearch@@PAV12@00Urandom_access_iterator_tag@0@U_Nonscalar_ptr_iterator_tag@0@U_Range_checked_iterator_tag@0@@Z 00411880 f i test.obj
 0001:000108e0       ??4?$vector@IV?$allocator@I@std@@@std@@QAEAAV01@ABV01@@Z 004118e0 f i test.obj
 0001:000109d0       ??0?$vector@IV?$allocator@I@std@@@std@@QAE@ABV01@@Z 004119d0 f i test.obj
 0001:00010ab0       ?clear@?$vector@IV?$allocator@I@std@@@std@@QAEXXZ 00411ab0 f i test.obj
 0001:00010b00       ??$_Median@PAVActionInProgress@BuildOrderSearch@@@std@@YAXPAVActionInProgress@BuildOrderSearch@@00@Z 00411b00 f i test.obj
 0001:00010b70       ??$_Make_heap@PAVActionInProgress@BuildOrderSearch@@HV12@@std@@YAXPAVActionInProgress@BuildOrderSearch@@0PAH0@Z 00411b70 f i test.obj
 0001:00010bc0       ??$_Sort_heap@PAVActionInProgress@BuildOrderSearch@@@std@@YAXPAVActionInProgress@BuildOrderSearch@@0@Z 00411bc0 f i test.obj
 0001:00010c10       ??$_Insertion_sort1@PAVActionInProgress@BuildOrderSearch@@V12@@std@@YAXPAVActionInProgress@BuildOrderSearch@@00@Z 00411c10 f i test.obj
 0001:00010c90       ??$_Copy_backward_opt@PAVMacroAction@BuildOrderSearch@@PAV12@Uforward_iterator_tag@std@@@std@@YAPAVMacroAction@BuildOrderSearch@@PAV12@00Uforward_iterator_tag@0@U_Nonscalar_ptr_iterator_tag@0@U_Range_checked_iterator_tag@0@@Z 00411c90 f i test.obj
 0001:00010ce0       ??$_Ucopy@PAI@?$vector@IV?$allocator@I@std@@@std@@IAEPAIPAI00@Z 00411ce0 f i test.obj
 0001:00010d10       ??$_Med3@PAVActionInProgress@BuildOrderSearch@@@std@@YAXPAVActionInProgress@BuildOrderSearch@@00@Z 00411d10 f i test.obj
 0001:00010d80       ??$_Adjust_heap@PAVActionInProgress@BuildOrderSearch@@HV12@@std@@YAXPAVActionInProgress@BuildOrderSearch@@HHV12@@Z 00411d80 f i test.obj
 0001:00010e10       ??$_Uninit_copy@PAVStarcraftAction@BuildOrderSearch@@PAV12@V?$allocator@VStarcraftAction@BuildOrderSearch@@@std@@@std@@YAPAVStarcraftAction@BuildOrderSearch@@PAV12@00AAV?$allocator@VStarcraftAction@BuildOrderSearch@@@0@U_Nonscalar_ptr_iterator_tag@0@U_Range_checked_iterator_tag@0@@Z 00411e10 f i test.obj
 0001:00010eb0       ??$_Uninit_copy@PAVMacroAction@BuildOrderSearch@@PAV12@V?$allocator@VMacroAction@BuildOrderSearch@@@std@@@std@@YAPAVMacroAction@BuildOrderSearch@@PAV12@00AAV?$allocator@VMacroAction@BuildOrderSearch@@@0@U_Nonscalar_ptr_iterator_tag@0@U_Range_checked_iterator_tag@0@@Z 00411eb0 f i test.obj
 0001:00010f50       ??$_Uninit_copy@PAVStarcraftState@BuildOrderSearch@@PAV12@V?$allocator@VStarcraftState@BuildOrderSearch@@@std@@@std@@YAPAVStarcraftState@BuildOrderSearch@@PAV12@00AAV?$allocator@VStarcraftState@BuildOrderSearch@@@0@U_Nonscalar_ptr_iterator_tag@0@U_Range_checked_iterator_tag@0@@Z 00411f50 f i test.obj
 0001:00010ff0       ??0RaceInternal@BWAPI@@QAE@XZ 00411ff0 f i BWAPI:Race.obj
 0001:00011060       ??0Race@BWAPI@@QAE@XZ      00412060 f   BWAPI:Race.obj
 0001:00011070       ?getWorker@Race@BWAPI@@QBE?AVUnitType@2@XZ 00412070 f   BWAPI:Race.obj
 0001:00011090       ?getCenter@Race@BWAPI@@QBE?AVUnitType@2@XZ 00412090 f   BWAPI:Race.obj
 0001:000110b0       ?getRefinery@Race@BWAPI@@QBE?AVUnitType@2@XZ 004120b0 f   BWAPI:Race.obj
 0001:000110d0       ?getSupplyProvider@Race@BWAPI@@QBE?AVUnitType@2@XZ 004120d0 f   BWAPI:Race.obj
 0001:000110f0       ?_Insert@?$_Tree@V?$_Tmap_traits@V?$basic_string@DU?$char_traits@D@std@@V?$allocator@D@2@@std@@VGameType@BWAPI@@U?$less@V?$basic_string@DU?$char_traits@D@std@@V?$allocator@D@2@@std@@@2@V?$allocator@U?$pair@$$CBV?$basic_string@DU?$char_traits@D@std@@V?$allocator@D@2@@std@@VGameType@BWAPI@@@std@@@2@$0A@@std@@@std@@IAE?AViterator@12@_NPAU_Node@?$_Tree_nod@V?$_Tmap_traits@V?$basic_string@DU?$char_traits@D@std@@V?$allocator@D@2@@std@@VGameType@BWAPI@@U?$less@V?$basic_string@DU?$char_traits@D@std@@V?$allocator@D@2@@std@@@2@V?$allocator@U?$pair@$$CBV?$basic_string@DU?$char_traits@D@std@@V?$allocator@D@2@@std@@VGameType@BWAPI@@@std@@@2@$0A@@std@@@2@ABU?$pair@$$CBV?$basic_string@DU?$char_traits@D@std@@V?$allocator@D@2@@std@@VGameType@BWAPI@@@2@@Z 004120f0 f i BWAPI:GameType.obj
 0001:000110f0       ?_Insert@?$_Tree@V?$_Tmap_traits@V?$basic_string@DU?$char_traits@D@std@@V?$allocator@D@2@@std@@VBulletType@BWAPI@@U?$less@V?$basic_string@DU?$char_traits@D@std@@V?$allocator@D@2@@std@@@2@V?$allocator@U?$pair@$$CBV?$basic_string@DU?$char_traits@D@std@@V?$allocator@D@2@@std@@VBulletType@BWAPI@@@std@@@2@$0A@@std@@@std@@IAE?AViterator@12@_NPAU_Node@?$_Tree_nod@V?$_Tmap_traits@V?$basic_string@DU?$char_traits@D@std@@V?$allocator@D@2@@std@@VBulletType@BWAPI@@U?$less@V?$basic_string@DU?$char_traits@D@std@@V?$allocator@D@2@@std@@@2@V?$allocator@U?$pair@$$CBV?$basic_string@DU?$char_traits@D@std@@V?$allocator@D@2@@std@@VBulletType@BWAPI@@@std@@@2@$0A@@std@@@2@ABU?$pair@$$CBV?$basic_string@DU?$char_traits@D@std@@V?$allocator@D@2@@std@@VBulletType@BWAPI@@@2@@Z 004120f0 f i BWAPI:BulletType.obj
 0001:000110f0       ?_Insert@?$_Tree@V?$_Tmap_traits@V?$basic_string@DU?$char_traits@D@std@@V?$allocator@D@2@@std@@VRace@BWAPI@@U?$less@V?$basic_string@DU?$char_traits@D@std@@V?$allocator@D@2@@std@@@2@V?$allocator@U?$pair@$$CBV?$basic_string@DU?$char_traits@D@std@@V?$allocator@D@2@@std@@VRace@BWAPI@@@std@@@2@$0A@@std@@@std@@IAE?AViterator@12@_NPAU_Node@?$_Tree_nod@V?$_Tmap_traits@V?$basic_string@DU?$char_traits@D@std@@V?$allocator@D@2@@std@@VRace@BWAPI@@U?$less@V?$basic_string@DU?$char_traits@D@std@@V?$allocator@D@2@@std@@@2@V?$allocator@U?$pair@$$CBV?$basic_string@DU?$char_traits@D@std@@V?$allocator@D@2@@std@@VRace@BWAPI@@@std@@@2@$0A@@std@@@2@ABU?$pair@$$CBV?$basic_string@DU?$char_traits@D@std@@V?$allocator@D@2@@std@@VRace@BWAPI@@@2@@Z 004120f0 f i BWAPI:Race.obj
 0001:000110f0       ?_Insert@?$_Tree@V?$_Tmap_traits@V?$basic_string@DU?$char_traits@D@std@@V?$allocator@D@2@@std@@VDamageType@BWAPI@@U?$less@V?$basic_string@DU?$char_traits@D@std@@V?$allocator@D@2@@std@@@2@V?$allocator@U?$pair@$$CBV?$basic_string@DU?$char_traits@D@std@@V?$allocator@D@2@@std@@VDamageType@BWAPI@@@std@@@2@$0A@@std@@@std@@IAE?AViterator@12@_NPAU_Node@?$_Tree_nod@V?$_Tmap_traits@V?$basic_string@DU?$char_traits@D@std@@V?$allocator@D@2@@std@@VDamageType@BWAPI@@U?$less@V?$basic_string@DU?$char_traits@D@std@@V?$allocator@D@2@@std@@@2@V?$allocator@U?$pair@$$CBV?$basic_string@DU?$char_traits@D@std@@V?$allocator@D@2@@std@@VDamageType@BWAPI@@@std@@@2@$0A@@std@@@2@ABU?$pair@$$CBV?$basic_string@DU?$char_traits@D@std@@V?$allocator@D@2@@std@@VDamageType@BWAPI@@@2@@Z 004120f0 f i BWAPI:DamageType.obj
 0001:000110f0       ?_Insert@?$_Tree@V?$_Tmap_traits@V?$basic_string@DU?$char_traits@D@std@@V?$allocator@D@2@@std@@VUnitSizeType@BWAPI@@U?$less@V?$basic_string@DU?$char_traits@D@std@@V?$allocator@D@2@@std@@@2@V?$allocator@U?$pair@$$CBV?$basic_string@DU?$char_traits@D@std@@V?$allocator@D@2@@std@@VUnitSizeType@BWAPI@@@std@@@2@$0A@@std@@@std@@IAE?AViterator@12@_NPAU_Node@?$_Tree_nod@V?$_Tmap_traits@V?$basic_string@DU?$char_traits@D@std@@V?$allocator@D@2@@std@@VUnitSizeType@BWAPI@@U?$less@V?$basic_string@DU?$char_traits@D@std@@V?$allocator@D@2@@std@@@2@V?$allocator@U?$pair@$$CBV?$basic_string@DU?$char_traits@D@std@@V?$allocator@D@2@@std@@VUnitSizeType@BWAPI@@@std@@@2@$0A@@std@@@2@ABU?$pair@$$CBV?$basic_string@DU?$char_traits@D@std@@V?$allocator@D@2@@std@@VUnitSizeType@BWAPI@@@2@@Z 004120f0 f i BWAPI:UnitSizeType.obj
 0001:000110f0       ?_Insert@?$_Tree@V?$_Tmap_traits@V?$basic_string@DU?$char_traits@D@std@@V?$allocator@D@2@@std@@VUpgradeType@BWAPI@@U?$less@V?$basic_string@DU?$char_traits@D@std@@V?$allocator@D@2@@std@@@2@V?$allocator@U?$pair@$$CBV?$basic_string@DU?$char_traits@D@std@@V?$allocator@D@2@@std@@VUpgradeType@BWAPI@@@std@@@2@$0A@@std@@@std@@IAE?AViterator@12@_NPAU_Node@?$_Tree_nod@V?$_Tmap_traits@V?$basic_string@DU?$char_traits@D@std@@V?$allocator@D@2@@std@@VUpgradeType@BWAPI@@U?$less@V?$basic_string@DU?$char_traits@D@std@@V?$allocator@D@2@@std@@@2@V?$allocator@U?$pair@$$CBV?$basic_string@DU?$char_traits@D@std@@V?$allocator@D@2@@std@@VUpgradeType@BWAPI@@@std@@@2@$0A@@std@@@2@ABU?$pair@$$CBV?$basic_string@DU?$char_traits@D@std@@V?$allocator@D@2@@std@@VUpgradeType@BWAPI@@@2@@Z 004120f0 f i BWAPI:UpgradeType.obj
 0001:000110f0       ?_Insert@?$_Tree@V?$_Tmap_traits@V?$basic_string@DU?$char_traits@D@std@@V?$allocator@D@2@@std@@VTechType@BWAPI@@U?$less@V?$basic_string@DU?$char_traits@D@std@@V?$allocator@D@2@@std@@@2@V?$allocator@U?$pair@$$CBV?$basic_string@DU?$char_traits@D@std@@V?$allocator@D@2@@std@@VTechType@BWAPI@@@std@@@2@$0A@@std@@@std@@IAE?AViterator@12@_NPAU_Node@?$_Tree_nod@V?$_Tmap_traits@V?$basic_string@DU?$char_traits@D@std@@V?$allocator@D@2@@std@@VTechType@BWAPI@@U?$less@V?$basic_string@DU?$char_traits@D@std@@V?$allocator@D@2@@std@@@2@V?$allocator@U?$pair@$$CBV?$basic_string@DU?$char_traits@D@std@@V?$allocator@D@2@@std@@VTechType@BWAPI@@@std@@@2@$0A@@std@@@2@ABU?$pair@$$CBV?$basic_string@DU?$char_traits@D@std@@V?$allocator@D@2@@std@@VTechType@BWAPI@@@2@@Z 004120f0 f i BWAPI:TechType.obj
 0001:000110f0       ?_Insert@?$_Tree@V?$_Tmap_traits@V?$basic_string@DU?$char_traits@D@std@@V?$allocator@D@2@@std@@VError@BWAPI@@U?$less@V?$basic_string@DU?$char_traits@D@std@@V?$allocator@D@2@@std@@@2@V?$allocator@U?$pair@$$CBV?$basic_string@DU?$char_traits@D@std@@V?$allocator@D@2@@std@@VError@BWAPI@@@std@@@2@$0A@@std@@@std@@IAE?AViterator@12@_NPAU_Node@?$_Tree_nod@V?$_Tmap_traits@V?$basic_string@DU?$char_traits@D@std@@V?$allocator@D@2@@std@@VError@BWAPI@@U?$less@V?$basic_string@DU?$char_traits@D@std@@V?$allocator@D@2@@std@@@2@V?$allocator@U?$pair@$$CBV?$basic_string@DU?$char_traits@D@std@@V?$allocator@D@2@@std@@VError@BWAPI@@@std@@@2@$0A@@std@@@2@ABU?$pair@$$CBV?$basic_string@DU?$char_traits@D@std@@V?$allocator@D@2@@std@@VError@BWAPI@@@2@@Z 004120f0 f i BWAPI:Error.obj
 0001:000110f0       ?_Insert@?$_Tree@V?$_Tmap_traits@V?$basic_string@DU?$char_traits@D@std@@V?$allocator@D@2@@std@@VPlayerType@BWAPI@@U?$less@V?$basic_string@DU?$char_traits@D@std@@V?$allocator@D@2@@std@@@2@V?$allocator@U?$pair@$$CBV?$basic_string@DU?$char_traits@D@std@@V?$allocator@D@2@@std@@VPlayerType@BWAPI@@@std@@@2@$0A@@std@@@std@@IAE?AViterator@12@_NPAU_Node@?$_Tree_nod@V?$_Tmap_traits@V?$basic_string@DU?$char_traits@D@std@@V?$allocator@D@2@@std@@VPlayerType@BWAPI@@U?$less@V?$basic_string@DU?$char_traits@D@std@@V?$allocator@D@2@@std@@@2@V?$allocator@U?$pair@$$CBV?$basic_string@DU?$char_traits@D@std@@V?$allocator@D@2@@std@@VPlayerType@BWAPI@@@std@@@2@$0A@@std@@@2@ABU?$pair@$$CBV?$basic_string@DU?$char_traits@D@std@@V?$allocator@D@2@@std@@VPlayerType@BWAPI@@@2@@Z 004120f0 f i BWAPI:PlayerType.obj
 0001:000110f0       ?_Insert@?$_Tree@V?$_Tmap_traits@V?$basic_string@DU?$char_traits@D@std@@V?$allocator@D@2@@std@@VUnitCommandType@BWAPI@@U?$less@V?$basic_string@DU?$char_traits@D@std@@V?$allocator@D@2@@std@@@2@V?$allocator@U?$pair@$$CBV?$basic_string@DU?$char_traits@D@std@@V?$allocator@D@2@@std@@VUnitCommandType@BWAPI@@@std@@@2@$0A@@std@@@std@@IAE?AViterator@12@_NPAU_Node@?$_Tree_nod@V?$_Tmap_traits@V?$basic_string@DU?$char_traits@D@std@@V?$allocator@D@2@@std@@VUnitCommandType@BWAPI@@U?$less@V?$basic_string@DU?$char_traits@D@std@@V?$allocator@D@2@@std@@@2@V?$allocator@U?$pair@$$CBV?$basic_string@DU?$char_traits@D@std@@V?$allocator@D@2@@std@@VUnitCommandType@BWAPI@@@std@@@2@$0A@@std@@@2@ABU?$pair@$$CBV?$basic_string@DU?$char_traits@D@std@@V?$allocator@D@2@@std@@VUnitCommandType@BWAPI@@@2@@Z 004120f0 f i BWAPI:UnitCommandType.obj
 0001:000110f0       ?_Insert@?$_Tree@V?$_Tmap_traits@V?$basic_string@DU?$char_traits@D@std@@V?$allocator@D@2@@std@@VUnitType@BWAPI@@U?$less@V?$basic_string@DU?$char_traits@D@std@@V?$allocator@D@2@@std@@@2@V?$allocator@U?$pair@$$CBV?$basic_string@DU?$char_traits@D@std@@V?$allocator@D@2@@std@@VUnitType@BWAPI@@@std@@@2@$0A@@std@@@std@@IAE?AViterator@12@_NPAU_Node@?$_Tree_nod@V?$_Tmap_traits@V?$basic_string@DU?$char_traits@D@std@@V?$allocator@D@2@@std@@VUnitType@BWAPI@@U?$less@V?$basic_string@DU?$char_traits@D@std@@V?$allocator@D@2@@std@@@2@V?$allocator@U?$pair@$$CBV?$basic_string@DU?$char_traits@D@std@@V?$allocator@D@2@@std@@VUnitType@BWAPI@@@std@@@2@$0A@@std@@@2@ABU?$pair@$$CBV?$basic_string@DU?$char_traits@D@std@@V?$allocator@D@2@@std@@VUnitType@BWAPI@@@2@@Z 004120f0 f i BWAPI:UnitType.obj
 0001:000110f0       ?_Insert@?$_Tree@V?$_Tmap_traits@V?$basic_string@DU?$char_traits@D@std@@V?$allocator@D@2@@std@@VExplosionType@BWAPI@@U?$less@V?$basic_string@DU?$char_traits@D@std@@V?$allocator@D@2@@std@@@2@V?$allocator@U?$pair@$$CBV?$basic_string@DU?$char_traits@D@std@@V?$allocator@D@2@@std@@VExplosionType@BWAPI@@@std@@@2@$0A@@std@@@std@@IAE?AViterator@12@_NPAU_Node@?$_Tree_nod@V?$_Tmap_traits@V?$basic_string@DU?$char_traits@D@std@@V?$allocator@D@2@@std@@VExplosionType@BWAPI@@U?$less@V?$basic_string@DU?$char_traits@D@std@@V?$allocator@D@2@@std@@@2@V?$allocator@U?$pair@$$CBV?$basic_string@DU?$char_traits@D@std@@V?$allocator@D@2@@std@@VExplosionType@BWAPI@@@std@@@2@$0A@@std@@@2@ABU?$pair@$$CBV?$basic_string@DU?$char_traits@D@std@@V?$allocator@D@2@@std@@VExplosionType@BWAPI@@@2@@Z 004120f0 f i BWAPI:ExplosionType.obj
 0001:000110f0       ?_Insert@?$_Tree@V?$_Tmap_traits@V?$basic_string@DU?$char_traits@D@std@@V?$allocator@D@2@@std@@VWeaponType@BWAPI@@U?$less@V?$basic_string@DU?$char_traits@D@std@@V?$allocator@D@2@@std@@@2@V?$allocator@U?$pair@$$CBV?$basic_string@DU?$char_traits@D@std@@V?$allocator@D@2@@std@@VWeaponType@BWAPI@@@std@@@2@$0A@@std@@@std@@IAE?AViterator@12@_NPAU_Node@?$_Tree_nod@V?$_Tmap_traits@V?$basic_string@DU?$char_traits@D@std@@V?$allocator@D@2@@std@@VWeaponType@BWAPI@@U?$less@V?$basic_string@DU?$char_traits@D@std@@V?$allocator@D@2@@std@@@2@V?$allocator@U?$pair@$$CBV?$basic_string@DU?$char_traits@D@std@@V?$allocator@D@2@@std@@VWeaponType@BWAPI@@@std@@@2@$0A@@std@@@2@ABU?$pair@$$CBV?$basic_string@DU?$char_traits@D@std@@V?$allocator@D@2@@std@@VWeaponType@BWAPI@@@2@@Z 004120f0 f i BWAPI:WeaponType.obj
 0001:000110f0       ?_Insert@?$_Tree@V?$_Tmap_traits@V?$basic_string@DU?$char_traits@D@std@@V?$allocator@D@2@@std@@VOrder@BWAPI@@U?$less@V?$basic_string@DU?$char_traits@D@std@@V?$allocator@D@2@@std@@@2@V?$allocator@U?$pair@$$CBV?$basic_string@DU?$char_traits@D@std@@V?$allocator@D@2@@std@@VOrder@BWAPI@@@std@@@2@$0A@@std@@@std@@IAE?AViterator@12@_NPAU_Node@?$_Tree_nod@V?$_Tmap_traits@V?$basic_string@DU?$char_traits@D@std@@V?$allocator@D@2@@std@@VOrder@BWAPI@@U?$less@V?$basic_string@DU?$char_traits@D@std@@V?$allocator@D@2@@std@@@2@V?$allocator@U?$pair@$$CBV?$basic_string@DU?$char_traits@D@std@@V?$allocator@D@2@@std@@VOrder@BWAPI@@@std@@@2@$0A@@std@@@2@ABU?$pair@$$CBV?$basic_string@DU?$char_traits@D@std@@V?$allocator@D@2@@std@@VOrder@BWAPI@@@2@@Z 004120f0 f i BWAPI:Order.obj
 0001:000112f0       ?insert@?$_Tree@V?$_Tmap_traits@V?$basic_string@DU?$char_traits@D@std@@V?$allocator@D@2@@std@@VExplosionType@BWAPI@@U?$less@V?$basic_string@DU?$char_traits@D@std@@V?$allocator@D@2@@std@@@2@V?$allocator@U?$pair@$$CBV?$basic_string@DU?$char_traits@D@std@@V?$allocator@D@2@@std@@VExplosionType@BWAPI@@@std@@@2@$0A@@std@@@std@@QAE?AU?$pair@Viterator@?$_Tree@V?$_Tmap_traits@V?$basic_string@DU?$char_traits@D@std@@V?$allocator@D@2@@std@@VExplosionType@BWAPI@@U?$less@V?$basic_string@DU?$char_traits@D@std@@V?$allocator@D@2@@std@@@2@V?$allocator@U?$pair@$$CBV?$basic_string@DU?$char_traits@D@std@@V?$allocator@D@2@@std@@VExplosionType@BWAPI@@@std@@@2@$0A@@std@@@std@@_N@2@ABU?$pair@$$CBV?$basic_string@DU?$char_traits@D@std@@V?$allocator@D@2@@std@@VExplosionType@BWAPI@@@2@@Z 004122f0 f i BWAPI:ExplosionType.obj
 0001:000112f0       ?insert@?$_Tree@V?$_Tmap_traits@V?$basic_string@DU?$char_traits@D@std@@V?$allocator@D@2@@std@@VUnitSizeType@BWAPI@@U?$less@V?$basic_string@DU?$char_traits@D@std@@V?$allocator@D@2@@std@@@2@V?$allocator@U?$pair@$$CBV?$basic_string@DU?$char_traits@D@std@@V?$allocator@D@2@@std@@VUnitSizeType@BWAPI@@@std@@@2@$0A@@std@@@std@@QAE?AU?$pair@Viterator@?$_Tree@V?$_Tmap_traits@V?$basic_string@DU?$char_traits@D@std@@V?$allocator@D@2@@std@@VUnitSizeType@BWAPI@@U?$less@V?$basic_string@DU?$char_traits@D@std@@V?$allocator@D@2@@std@@@2@V?$allocator@U?$pair@$$CBV?$basic_string@DU?$char_traits@D@std@@V?$allocator@D@2@@std@@VUnitSizeType@BWAPI@@@std@@@2@$0A@@std@@@std@@_N@2@ABU?$pair@$$CBV?$basic_string@DU?$char_traits@D@std@@V?$allocator@D@2@@std@@VUnitSizeType@BWAPI@@@2@@Z 004122f0 f i BWAPI:UnitSizeType.obj
 0001:000112f0       ?insert@?$_Tree@V?$_Tmap_traits@V?$basic_string@DU?$char_traits@D@std@@V?$allocator@D@2@@std@@VDamageType@BWAPI@@U?$less@V?$basic_string@DU?$char_traits@D@std@@V?$allocator@D@2@@std@@@2@V?$allocator@U?$pair@$$CBV?$basic_string@DU?$char_traits@D@std@@V?$allocator@D@2@@std@@VDamageType@BWAPI@@@std@@@2@$0A@@std@@@std@@QAE?AU?$pair@Viterator@?$_Tree@V?$_Tmap_traits@V?$basic_string@DU?$char_traits@D@std@@V?$allocator@D@2@@std@@VDamageType@BWAPI@@U?$less@V?$basic_string@DU?$char_traits@D@std@@V?$allocator@D@2@@std@@@2@V?$allocator@U?$pair@$$CBV?$basic_string@DU?$char_traits@D@std@@V?$allocator@D@2@@std@@VDamageType@BWAPI@@@std@@@2@$0A@@std@@@std@@_N@2@ABU?$pair@$$CBV?$basic_string@DU?$char_traits@D@std@@V?$allocator@D@2@@std@@VDamageType@BWAPI@@@2@@Z 004122f0 f i BWAPI:DamageType.obj
 0001:000112f0       ?insert@?$_Tree@V?$_Tmap_traits@V?$basic_string@DU?$char_traits@D@std@@V?$allocator@D@2@@std@@VUpgradeType@BWAPI@@U?$less@V?$basic_string@DU?$char_traits@D@std@@V?$allocator@D@2@@std@@@2@V?$allocator@U?$pair@$$CBV?$basic_string@DU?$char_traits@D@std@@V?$allocator@D@2@@std@@VUpgradeType@BWAPI@@@std@@@2@$0A@@std@@@std@@QAE?AU?$pair@Viterator@?$_Tree@V?$_Tmap_traits@V?$basic_string@DU?$char_traits@D@std@@V?$allocator@D@2@@std@@VUpgradeType@BWAPI@@U?$less@V?$basic_string@DU?$char_traits@D@std@@V?$allocator@D@2@@std@@@2@V?$allocator@U?$pair@$$CBV?$basic_string@DU?$char_traits@D@std@@V?$allocator@D@2@@std@@VUpgradeType@BWAPI@@@std@@@2@$0A@@std@@@std@@_N@2@ABU?$pair@$$CBV?$basic_string@DU?$char_traits@D@std@@V?$allocator@D@2@@std@@VUpgradeType@BWAPI@@@2@@Z 004122f0 f i BWAPI:UpgradeType.obj
 0001:000112f0       ?insert@?$_Tree@V?$_Tmap_traits@V?$basic_string@DU?$char_traits@D@std@@V?$allocator@D@2@@std@@VWeaponType@BWAPI@@U?$less@V?$basic_string@DU?$char_traits@D@std@@V?$allocator@D@2@@std@@@2@V?$allocator@U?$pair@$$CBV?$basic_string@DU?$char_traits@D@std@@V?$allocator@D@2@@std@@VWeaponType@BWAPI@@@std@@@2@$0A@@std@@@std@@QAE?AU?$pair@Viterator@?$_Tree@V?$_Tmap_traits@V?$basic_string@DU?$char_traits@D@std@@V?$allocator@D@2@@std@@VWeaponType@BWAPI@@U?$less@V?$basic_string@DU?$char_traits@D@std@@V?$allocator@D@2@@std@@@2@V?$allocator@U?$pair@$$CBV?$basic_string@DU?$char_traits@D@std@@V?$allocator@D@2@@std@@VWeaponType@BWAPI@@@std@@@2@$0A@@std@@@std@@_N@2@ABU?$pair@$$CBV?$basic_string@DU?$char_traits@D@std@@V?$allocator@D@2@@std@@VWeaponType@BWAPI@@@2@@Z 004122f0 f i BWAPI:WeaponType.obj
 0001:000112f0       ?insert@?$_Tree@V?$_Tmap_traits@V?$basic_string@DU?$char_traits@D@std@@V?$allocator@D@2@@std@@VBulletType@BWAPI@@U?$less@V?$basic_string@DU?$char_traits@D@std@@V?$allocator@D@2@@std@@@2@V?$allocator@U?$pair@$$CBV?$basic_string@DU?$char_traits@D@std@@V?$allocator@D@2@@std@@VBulletType@BWAPI@@@std@@@2@$0A@@std@@@std@@QAE?AU?$pair@Viterator@?$_Tree@V?$_Tmap_traits@V?$basic_string@DU?$char_traits@D@std@@V?$allocator@D@2@@std@@VBulletType@BWAPI@@U?$less@V?$basic_string@DU?$char_traits@D@std@@V?$allocator@D@2@@std@@@2@V?$allocator@U?$pair@$$CBV?$basic_string@DU?$char_traits@D@std@@V?$allocator@D@2@@std@@VBulletType@BWAPI@@@std@@@2@$0A@@std@@@std@@_N@2@ABU?$pair@$$CBV?$basic_string@DU?$char_traits@D@std@@V?$allocator@D@2@@std@@VBulletType@BWAPI@@@2@@Z 004122f0 f i BWAPI:BulletType.obj
 0001:000112f0       ?insert@?$_Tree@V?$_Tmap_traits@V?$basic_string@DU?$char_traits@D@std@@V?$allocator@D@2@@std@@VError@BWAPI@@U?$less@V?$basic_string@DU?$char_traits@D@std@@V?$allocator@D@2@@std@@@2@V?$allocator@U?$pair@$$CBV?$basic_string@DU?$char_traits@D@std@@V?$allocator@D@2@@std@@VError@BWAPI@@@std@@@2@$0A@@std@@@std@@QAE?AU?$pair@Viterator@?$_Tree@V?$_Tmap_traits@V?$basic_string@DU?$char_traits@D@std@@V?$allocator@D@2@@std@@VError@BWAPI@@U?$less@V?$basic_string@DU?$char_traits@D@std@@V?$allocator@D@2@@std@@@2@V?$allocator@U?$pair@$$CBV?$basic_string@DU?$char_traits@D@std@@V?$allocator@D@2@@std@@VError@BWAPI@@@std@@@2@$0A@@std@@@std@@_N@2@ABU?$pair@$$CBV?$basic_string@DU?$char_traits@D@std@@V?$allocator@D@2@@std@@VError@BWAPI@@@2@@Z 004122f0 f i BWAPI:Error.obj
[...]
 0001:00038a60       ??__ECurrently_Researching@Errors@BWAPI@@YAXXZ 00439a60 f   BWAPI:Error.obj
 0001:00038a70       ??__ECurrently_Upgrading@Errors@BWAPI@@YAXXZ 00439a70 f   BWAPI:Error.obj
 0001:00038a80       ??__EInsufficient_Minerals@Errors@BWAPI@@YAXXZ 00439a80 f   BWAPI:Error.obj
 0001:00038a90       ??__EInsufficient_Gas@Errors@BWAPI@@YAXXZ 00439a90 f   BWAPI:Error.obj
 0001:00038aa0       ??__EInsufficient_Supply@Errors@BWAPI@@YAXXZ 00439aa0 f   BWAPI:Error.obj
 0001:00038ab0       ??__EInsufficient_Energy@Errors@BWAPI@@YAXXZ 00439ab0 f   BWAPI:Error.obj
 0001:00038ac0       ??__EInsufficient_Tech@Errors@BWAPI@@YAXXZ 00439ac0 f   BWAPI:Error.obj
 0001:00038ad0       ??__EInsufficient_Ammo@Errors@BWAPI@@YAXXZ 00439ad0 f   BWAPI:Error.obj
 0001:00038ae0       ??__EInsufficient_Space@Errors@BWAPI@@YAXXZ 00439ae0 f   BWAPI:Error.obj
 0001:00038af0       ??__EInvalid_Tile_Position@Errors@BWAPI@@YAXXZ 00439af0 f   BWAPI:Error.obj
 0001:00038b00       ??__EUnbuildable_Location@Errors@BWAPI@@YAXXZ 00439b00 f   BWAPI:Error.obj
 0001:00038b10       ??__EUnreachable_Location@Errors@BWAPI@@YAXXZ 00439b10 f   BWAPI:Error.obj
 0001:00038b20       ??__EOut_Of_Range@Errors@BWAPI@@YAXXZ 00439b20 f   BWAPI:Error.obj
 0001:00038b30       ??__EUnable_To_Hit@Errors@BWAPI@@YAXXZ 00439b30 f   BWAPI:Error.obj
 0001:00038b40       ??__EAccess_Denied@Errors@BWAPI@@YAXXZ 00439b40 f   BWAPI:Error.obj
 0001:00038b50       ??__EFile_Not_Found@Errors@BWAPI@@YAXXZ 00439b50 f   BWAPI:Error.obj
 0001:00038b60       ??__EInvalid_Parameter@Errors@BWAPI@@YAXXZ 00439b60 f   BWAPI:Error.obj
 0001:00038b70       ??__ENone@Errors@BWAPI@@YAXXZ 00439b70 f   BWAPI:Error.obj
 0001:00038b80       ??__EUnknown@Errors@BWAPI@@YAXXZ 00439b80 f   BWAPI:Error.obj
 0001:00038b90       ??__EbulletTypeName@BWAPI@@YAXXZ 00439b90 f   BWAPI:BulletType.obj
 0001:00038bc0       ??__EbulletTypeMap@BWAPI@@YAXXZ 00439bc0 f   BWAPI:BulletType.obj
 0001:00038bf0       ??__EbulletTypeSet@BWAPI@@YAXXZ 00439bf0 f   BWAPI:BulletType.obj
 0001:00038c20       ??__EMelee@BulletTypes@BWAPI@@YAXXZ 00439c20 f   BWAPI:BulletType.obj
 0001:00038c60       ??__EFusion_Cutter_Hit@BulletTypes@BWAPI@@YAXXZ 00439c60 f   BWAPI:BulletType.obj
 0001:00038ca0       ??__EGauss_Rifle_Hit@BulletTypes@BWAPI@@YAXXZ 00439ca0 f   BWAPI:BulletType.obj
 0001:00038ce0       ??__EC_10_Canister_Rifle_Hit@BulletTypes@BWAPI@@YAXXZ 00439ce0 f   BWAPI:BulletType.obj
 0001:00038d20       ??__EGemini_Missiles@BulletTypes@BWAPI@@YAXXZ 00439d20 f   BWAPI:BulletType.obj
 0001:00038d60       ??__EFragmentation_Grenade@BulletTypes@BWAPI@@YAXXZ 00439d60 f   BWAPI:BulletType.obj
 0001:00038da0       ??__ELongbolt_Missile@BulletTypes@BWAPI@@YAXXZ 00439da0 f   BWAPI:BulletType.obj
 0001:00038de0       ??__EATS_ATA_Laser_Battery@BulletTypes@BWAPI@@YAXXZ 00439de0 f   BWAPI:BulletType.obj
 0001:00038e20       ??__EBurst_Lasers@BulletTypes@BWAPI@@YAXXZ 00439e20 f   BWAPI:BulletType.obj
 0001:00038e60       ??__EArclite_Shock_Cannon_Hit@BulletTypes@BWAPI@@YAXXZ 00439e60 f   BWAPI:BulletType.obj
 0001:00038ea0       ??__EEMP_Missile@BulletTypes@BWAPI@@YAXXZ 00439ea0 f   BWAPI:BulletType.obj
 0001:00038ee0       ??__EDual_Photon_Blasters_Hit@BulletTypes@BWAPI@@YAXXZ 00439ee0 f   BWAPI:BulletType.obj
 0001:00038f20       ??__EParticle_Beam_Hit@BulletTypes@BWAPI@@YAXXZ 00439f20 f   BWAPI:BulletType.obj
 0001:00038f60       ??__EAnti_Matter_Missile@BulletTypes@BWAPI@@YAXXZ 00439f60 f   BWAPI:BulletType.obj
 0001:00038fa0       ??__EPulse_Cannon@BulletTypes@BWAPI@@YAXXZ 00439fa0 f   BWAPI:BulletType.obj
 0001:00038ff0       ??__EPsionic_Shockwave_Hit@BulletTypes@BWAPI@@YAXXZ 00439ff0 f   BWAPI:BulletType.obj
 0001:00039030       ??__EPsionic_Storm@BulletTypes@BWAPI@@YAXXZ 0043a030 f   BWAPI:BulletType.obj
 0001:00039070       ??__EYamato_Gun@BulletTypes@BWAPI@@YAXXZ 0043a070 f   BWAPI:BulletType.obj
 0001:000390b0       ??__EPhase_Disruptor@BulletTypes@BWAPI@@YAXXZ 0043a0b0 f   BWAPI:BulletType.obj
 0001:000390f0       ??__ESTA_STS_Cannon_Overlay@BulletTypes@BWAPI@@YAXXZ 0043a0f0 f   BWAPI:BulletType.obj
 0001:00039130       ??__ESunken_Colony_Tentacle@BulletTypes@BWAPI@@YAXXZ 0043a130 f   BWAPI:BulletType.obj
 0001:00039170       ??__EAcid_Spore@BulletTypes@BWAPI@@YAXXZ 0043a170 f   BWAPI:BulletType.obj
 0001:000391b0       ??__EGlave_Wurm@BulletTypes@BWAPI@@YAXXZ 0043a1b0 f   BWAPI:BulletType.obj
 0001:000391f0       ??__ESeeker_Spores@BulletTypes@BWAPI@@YAXXZ 0043a1f0 f   BWAPI:BulletType.obj
 0001:00039230       ??__EQueen_Spell_Carrier@BulletTypes@BWAPI@@YAXXZ 0043a230 f   BWAPI:BulletType.obj
 0001:00039270       ??__EPlague_Cloud@BulletTypes@BWAPI@@YAXXZ 0043a270 f   BWAPI:BulletType.obj
 0001:000392b0       ??__EConsume@BulletTypes@BWAPI@@YAXXZ 0043a2b0 f   BWAPI:BulletType.obj
 0001:000392f0       ??__EEnsnare@BulletTypes@BWAPI@@YAXXZ 0043a2f0 f   BWAPI:BulletType.obj
 0001:00039330       ??__ENeedle_Spine_Hit@BulletTypes@BWAPI@@YAXXZ 0043a330 f   BWAPI:BulletType.obj
 0001:00039370       ??__EInvisible@BulletTypes@BWAPI@@YAXXZ 0043a370 f   BWAPI:BulletType.obj
 0001:000393b0       ??__EOptical_Flare_Grenade@BulletTypes@BWAPI@@YAXXZ 0043a3b0 f   BWAPI:BulletType.obj
 0001:000393f0       ??__EHalo_Rockets@BulletTypes@BWAPI@@YAXXZ 0043a3f0 f   BWAPI:BulletType.obj
 0001:00039430       ??__ESubterranean_Spines@BulletTypes@BWAPI@@YAXXZ 0043a430 f   BWAPI:BulletType.obj
 0001:00039470       ??__ECorrosive_Acid_Shot@BulletTypes@BWAPI@@YAXXZ 0043a470 f   BWAPI:BulletType.obj
 0001:000394b0       ??__ENeutron_Flare@BulletTypes@BWAPI@@YAXXZ 0043a4b0 f   BWAPI:BulletType.obj
 0001:000394f0       ??__ENone@BulletTypes@BWAPI@@YAXXZ 0043a4f0 f   BWAPI:BulletType.obj
 0001:00039530       ??__EUnknown@BulletTypes@BWAPI@@YAXXZ 0043a530 f   BWAPI:BulletType.obj
 0001:00039570       ??__EunitCommandTypeName@BWAPI@@YAXXZ 0043a570 f   BWAPI:UnitCommandType.obj
 0001:000395a0       ??__EunitCommandTypeMap@BWAPI@@YAXXZ 0043a5a0 f   BWAPI:UnitCommandType.obj
 0001:000395d0       ??__EunitCommandTypeSet@BWAPI@@YAXXZ 0043a5d0 f   BWAPI:UnitCommandType.obj
 0001:00039600       ??__EAttack_Move@UnitCommandTypes@BWAPI@@YAXXZ 0043a600 f   BWAPI:UnitCommandType.obj
 0001:00039610       ??__EAttack_Unit@UnitCommandTypes@BWAPI@@YAXXZ 0043a610 f   BWAPI:UnitCommandType.obj
 0001:00039620       ??__EBuild@UnitCommandTypes@BWAPI@@YAXXZ 0043a620 f   BWAPI:UnitCommandType.obj
 0001:00039630       ??__EBuild_Addon@UnitCommandTypes@BWAPI@@YAXXZ 0043a630 f   BWAPI:UnitCommandType.obj
 0001:00039640       ??__ETrain@UnitCommandTypes@BWAPI@@YAXXZ 0043a640 f   BWAPI:UnitCommandType.obj
 0001:00039650       ??__EMorph@UnitCommandTypes@BWAPI@@YAXXZ 0043a650 f   BWAPI:UnitCommandType.obj
 0001:00039660       ??__EResearch@UnitCommandTypes@BWAPI@@YAXXZ 0043a660 f   BWAPI:UnitCommandType.obj
 0001:00039670       ??__EUpgrade@UnitCommandTypes@BWAPI@@YAXXZ 0043a670 f   BWAPI:UnitCommandType.obj
 0001:00039680       ??__ESet_Rally_Position@UnitCommandTypes@BWAPI@@YAXXZ 0043a680 f   BWAPI:UnitCommandType.obj
 0001:00039690       ??__ESet_Rally_Unit@UnitCommandTypes@BWAPI@@YAXXZ 0043a690 f   BWAPI:UnitCommandType.obj
 0001:000396a0       ??__EMove@UnitCommandTypes@BWAPI@@YAXXZ 0043a6a0 f   BWAPI:UnitCommandType.obj
 0001:000396b0       ??__EPatrol@UnitCommandTypes@BWAPI@@YAXXZ 0043a6b0 f   BWAPI:UnitCommandType.obj
 0001:000396c0       ??__EHold_Position@UnitCommandTypes@BWAPI@@YAXXZ 0043a6c0 f   BWAPI:UnitCommandType.obj
 0001:000396d0       ??__EStop@UnitCommandTypes@BWAPI@@YAXXZ 0043a6d0 f   BWAPI:UnitCommandType.obj
 0001:000396e0       ??__EFollow@UnitCommandTypes@BWAPI@@YAXXZ 0043a6e0 f   BWAPI:UnitCommandType.obj
 0001:000396f0       ??__EGather@UnitCommandTypes@BWAPI@@YAXXZ 0043a6f0 f   BWAPI:UnitCommandType.obj
 0001:00039700       ??__EReturn_Cargo@UnitCommandTypes@BWAPI@@YAXXZ 0043a700 f   BWAPI:UnitCommandType.obj
 0001:00039710       ??__ERepair@UnitCommandTypes@BWAPI@@YAXXZ 0043a710 f   BWAPI:UnitCommandType.obj
 0001:00039720       ??__EBurrow@UnitCommandTypes@BWAPI@@YAXXZ 0043a720 f   BWAPI:UnitCommandType.obj
 0001:00039730       ??__EUnburrow@UnitCommandTypes@BWAPI@@YAXXZ 0043a730 f   BWAPI:UnitCommandType.obj
 0001:00039740       ??__ECloak@UnitCommandTypes@BWAPI@@YAXXZ 0043a740 f   BWAPI:UnitCommandType.obj
 0001:00039750       ??__EDecloak@UnitCommandTypes@BWAPI@@YAXXZ 0043a750 f   BWAPI:UnitCommandType.obj
 0001:00039760       ??__ESiege@UnitCommandTypes@BWAPI@@YAXXZ 0043a760 f   BWAPI:UnitCommandType.obj
 0001:00039770       ??__EUnsiege@UnitCommandTypes@BWAPI@@YAXXZ 0043a770 f   BWAPI:UnitCommandType.obj
 0001:00039780       ??__ELift@UnitCommandTypes@BWAPI@@YAXXZ 0043a780 f   BWAPI:UnitCommandType.obj
 0001:00039790       ??__ELand@UnitCommandTypes@BWAPI@@YAXXZ 0043a790 f   BWAPI:UnitCommandType.obj
 0001:000397a0       ??__ELoad@UnitCommandTypes@BWAPI@@YAXXZ 0043a7a0 f   BWAPI:UnitCommandType.obj
 0001:000397b0       ??__EUnload@UnitCommandTypes@BWAPI@@YAXXZ 0043a7b0 f   BWAPI:UnitCommandType.obj
 0001:000397c0       ??__EUnload_All@UnitCommandTypes@BWAPI@@YAXXZ 0043a7c0 f   BWAPI:UnitCommandType.obj
 0001:000397d0       ??__EUnload_All_Position@UnitCommandTypes@BWAPI@@YAXXZ 0043a7d0 f   BWAPI:UnitCommandType.obj
 0001:000397e0       ??__ERight_Click_Position@UnitCommandTypes@BWAPI@@YAXXZ 0043a7e0 f   BWAPI:UnitCommandType.obj
 0001:000397f0       ??__ERight_Click_Unit@UnitCommandTypes@BWAPI@@YAXXZ 0043a7f0 f   BWAPI:UnitCommandType.obj
 0001:00039800       ??__EHalt_Construction@UnitCommandTypes@BWAPI@@YAXXZ 0043a800 f   BWAPI:UnitCommandType.obj
 0001:00039810       ??__ECancel_Construction@UnitCommandTypes@BWAPI@@YAXXZ 0043a810 f   BWAPI:UnitCommandType.obj
 0001:00039820       ??__ECancel_Addon@UnitCommandTypes@BWAPI@@YAXXZ 0043a820 f   BWAPI:UnitCommandType.obj
 0001:00039830       ??__ECancel_Train@UnitCommandTypes@BWAPI@@YAXXZ 0043a830 f   BWAPI:UnitCommandType.obj
 0001:00039840       ??__ECancel_Train_Slot@UnitCommandTypes@BWAPI@@YAXXZ 0043a840 f   BWAPI:UnitCommandType.obj
 0001:00039850       ??__ECancel_Morph@UnitCommandTypes@BWAPI@@YAXXZ 0043a850 f   BWAPI:UnitCommandType.obj
 0001:00039860       ??__ECancel_Research@UnitCommandTypes@BWAPI@@YAXXZ 0043a860 f   BWAPI:UnitCommandType.obj
 0001:00039870       ??__ECancel_Upgrade@UnitCommandTypes@BWAPI@@YAXXZ 0043a870 f   BWAPI:UnitCommandType.obj
 0001:00039880       ??__EUse_Tech@UnitCommandTypes@BWAPI@@YAXXZ 0043a880 f   BWAPI:UnitCommandType.obj
 0001:00039890       ??__EUse_Tech_Position@UnitCommandTypes@BWAPI@@YAXXZ 0043a890 f   BWAPI:UnitCommandType.obj
 0001:000398a0       ??__EUse_Tech_Unit@UnitCommandTypes@BWAPI@@YAXXZ 0043a8a0 f   BWAPI:UnitCommandType.obj
 0001:000398b0       ??__EPlace_COP@UnitCommandTypes@BWAPI@@YAXXZ 0043a8b0 f   BWAPI:UnitCommandType.obj
 0001:000398c0       ??__ENone@UnitCommandTypes@BWAPI@@YAXXZ 0043a8c0 f   BWAPI:UnitCommandType.obj
 0001:000398d0       ??__EUnknown@UnitCommandTypes@BWAPI@@YAXXZ 0043a8d0 f   BWAPI:UnitCommandType.obj
 0001:000398e0       ??__EplayerTypeName@BWAPI@@YAXXZ 0043a8e0 f   BWAPI:PlayerType.obj
 0001:00039910       ??__EplayerTypeMap@BWAPI@@YAXXZ 0043a910 f   BWAPI:PlayerType.obj
 0001:00039940       ??__EplayerTypeSet@BWAPI@@YAXXZ 0043a940 f   BWAPI:PlayerType.obj
 0001:00039970       ??__ENone@PlayerTypes@BWAPI@@YAXXZ 0043a970 f   BWAPI:PlayerType.obj
 0001:000399b0       ??__EComputer@PlayerTypes@BWAPI@@YAXXZ 0043a9b0 f   BWAPI:PlayerType.obj
 0001:000399f0       ??__EPlayer@PlayerTypes@BWAPI@@YAXXZ 0043a9f0 f   BWAPI:PlayerType.obj
 0001:00039a30       ??__ERescuePassive@PlayerTypes@BWAPI@@YAXXZ 0043aa30 f   BWAPI:PlayerType.obj
 0001:00039a70       ??__EEitherPreferComputer@PlayerTypes@BWAPI@@YAXXZ 0043aa70 f   BWAPI:PlayerType.obj
 0001:00039ab0       ??__EEitherPreferHuman@PlayerTypes@BWAPI@@YAXXZ 0043aab0 f   BWAPI:PlayerType.obj
 0001:00039af0       ??__ENeutral@PlayerTypes@BWAPI@@YAXXZ 0043aaf0 f   BWAPI:PlayerType.obj
 0001:00039b30       ??__EClosed@PlayerTypes@BWAPI@@YAXXZ 0043ab30 f   BWAPI:PlayerType.obj
 0001:00039b70       ??__EPlayerLeft@PlayerTypes@BWAPI@@YAXXZ 0043ab70 f   BWAPI:PlayerType.obj
 0001:00039bb0       ??__EComputerLeft@PlayerTypes@BWAPI@@YAXXZ 0043abb0 f   BWAPI:PlayerType.obj
 0001:00039bf0       ??__EUnknown@PlayerTypes@BWAPI@@YAXXZ 0043abf0 f   BWAPI:PlayerType.obj
 0001:00039c30       ??__EexplosionTypeName@BWAPI@@YAXXZ 0043ac30 f   BWAPI:ExplosionType.obj
 0001:00039c60       ??__EexplosionTypeMap@BWAPI@@YAXXZ 0043ac60 f   BWAPI:ExplosionType.obj
 0001:00039c90       ??__EexplosionTypeSet@BWAPI@@YAXXZ 0043ac90 f   BWAPI:ExplosionType.obj
 0001:00039cc0       ??__ENone@ExplosionTypes@BWAPI@@YAXXZ 0043acc0 f   BWAPI:ExplosionType.obj
 0001:00039cd0       ??__ENormal@ExplosionTypes@BWAPI@@YAXXZ 0043acd0 f   BWAPI:ExplosionType.obj
 0001:00039ce0       ??__ERadial_Splash@ExplosionTypes@BWAPI@@YAXXZ 0043ace0 f   BWAPI:ExplosionType.obj
 0001:00039cf0       ??__EEnemy_Splash@ExplosionTypes@BWAPI@@YAXXZ 0043acf0 f   BWAPI:ExplosionType.obj
 0001:00039d00       ??__ELockdown@ExplosionTypes@BWAPI@@YAXXZ 0043ad00 f   BWAPI:ExplosionType.obj
 0001:00039d10       ??__ENuclear_Missile@ExplosionTypes@BWAPI@@YAXXZ 0043ad10 f   BWAPI:ExplosionType.obj
 0001:00039d20       ??__EParasite@ExplosionTypes@BWAPI@@YAXXZ 0043ad20 f   BWAPI:ExplosionType.obj
 0001:00039d30       ??__EBroodlings@ExplosionTypes@BWAPI@@YAXXZ 0043ad30 f   BWAPI:ExplosionType.obj
 0001:00039d40       ??__EEMP_Shockwave@ExplosionTypes@BWAPI@@YAXXZ 0043ad40 f   BWAPI:ExplosionType.obj
 0001:00039d50       ??__EIrradiate@ExplosionTypes@BWAPI@@YAXXZ 0043ad50 f   BWAPI:ExplosionType.obj
 0001:00039d60       ??__EEnsnare@ExplosionTypes@BWAPI@@YAXXZ 0043ad60 f   BWAPI:ExplosionType.obj
 0001:00039d70       ??__EPlague@ExplosionTypes@BWAPI@@YAXXZ 0043ad70 f   BWAPI:ExplosionType.obj
 0001:00039d80       ??__EStasis_Field@ExplosionTypes@BWAPI@@YAXXZ 0043ad80 f   BWAPI:ExplosionType.obj
 0001:00039d90       ??__EDark_Swarm@ExplosionTypes@BWAPI@@YAXXZ 0043ad90 f   BWAPI:ExplosionType.obj
 0001:00039da0       ??__EConsume@ExplosionTypes@BWAPI@@YAXXZ 0043ada0 f   BWAPI:ExplosionType.obj
 0001:00039db0       ??__EYamato_Gun@ExplosionTypes@BWAPI@@YAXXZ 0043adb0 f   BWAPI:ExplosionType.obj
 0001:00039dc0       ??__ERestoration@ExplosionTypes@BWAPI@@YAXXZ 0043adc0 f   BWAPI:ExplosionType.obj
 0001:00039dd0       ??__EDisruption_Web@ExplosionTypes@BWAPI@@YAXXZ 0043add0 f   BWAPI:ExplosionType.obj
 0001:00039de0       ??__ECorrosive_Acid@ExplosionTypes@BWAPI@@YAXXZ 0043ade0 f   BWAPI:ExplosionType.obj
 0001:00039df0       ??__EMind_Control@ExplosionTypes@BWAPI@@YAXXZ 0043adf0 f   BWAPI:ExplosionType.obj
 0001:00039e00       ??__EFeedback@ExplosionTypes@BWAPI@@YAXXZ 0043ae00 f   BWAPI:ExplosionType.obj
 0001:00039e10       ??__EOptical_Flare@ExplosionTypes@BWAPI@@YAXXZ 0043ae10 f   BWAPI:ExplosionType.obj
 0001:00039e20       ??__EMaelstrom@ExplosionTypes@BWAPI@@YAXXZ 0043ae20 f   BWAPI:ExplosionType.obj
 0001:00039e30       ??__EAir_Splash@ExplosionTypes@BWAPI@@YAXXZ 0043ae30 f   BWAPI:ExplosionType.obj
 0001:00039e40       ??__EUnknown@ExplosionTypes@BWAPI@@YAXXZ 0043ae40 f   BWAPI:ExplosionType.obj
 0001:00039e50       ??__EdamageTypeName@BWAPI@@YAXXZ 0043ae50 f   BWAPI:DamageType.obj
 0001:00039e80       ??__EdamageTypeMap@BWAPI@@YAXXZ 0043ae80 f   BWAPI:DamageType.obj
 0001:00039eb0       ??__EdamageTypeSet@BWAPI@@YAXXZ 0043aeb0 f   BWAPI:DamageType.obj
 0001:00039ee0       ??__EIndependent@DamageTypes@BWAPI@@YAXXZ 0043aee0 f   BWAPI:DamageType.obj
 0001:00039ef0       ??__EExplosive@DamageTypes@BWAPI@@YAXXZ 0043aef0 f   BWAPI:DamageType.obj
 0001:00039f00       ??__EConcussive@DamageTypes@BWAPI@@YAXXZ 0043af00 f   BWAPI:DamageType.obj
 0001:00039f10       ??__ENormal@DamageTypes@BWAPI@@YAXXZ 0043af10 f   BWAPI:DamageType.obj
 0001:00039f20       ??__EIgnore_Armor@DamageTypes@BWAPI@@YAXXZ 0043af20 f   BWAPI:DamageType.obj
 0001:00039f30       ??__ENone@DamageTypes@BWAPI@@YAXXZ 0043af30 f   BWAPI:DamageType.obj
 0001:00039f40       ??__EUnknown@DamageTypes@BWAPI@@YAXXZ 0043af40 f   BWAPI:DamageType.obj
 0001:00039f50       ??__Fsd@?1??getStarcraftDataInstance@BuildOrderSearch@@YAAAVStarcraftData@1@XZ@YAXXZ 0043af50 f    CIL library: CIL module
 0001:00039f60       ??__FraceData@BWAPI@@YAXXZ 0043af60 f   BWAPI:Race.obj
 0001:00039f80       ??__FraceSet@BWAPI@@YAXXZ  0043af80 f   BWAPI:Race.obj
 0001:00039f90       ??__FraceMap@BWAPI@@YAXXZ  0043af90 f   BWAPI:Race.obj
 0001:00039fa0       ??__FmacroTypeSet@BWAPI@@YAXXZ 0043afa0 f   BWAPI:UnitType.obj
 0001:00039fb0       ??__FunitTypeData@BWAPI@@YAXXZ 0043afb0 f   BWAPI:UnitType.obj
 0001:00039fd0       ??__FunitTypeSet@BWAPI@@YAXXZ 0043afd0 f   BWAPI:UnitType.obj
 0001:00039fe0       ??__FunitTypeMap@BWAPI@@YAXXZ 0043afe0 f   BWAPI:UnitType.obj
 0001:00039ff0       ??__FupgradeTypeData@BWAPI@@YAXXZ 0043aff0 f   BWAPI:UpgradeType.obj
 0001:0003a010       ??__FupgradeTypeSet@BWAPI@@YAXXZ 0043b010 f   BWAPI:UpgradeType.obj
 0001:0003a020       ??__FupgradeTypeMap@BWAPI@@YAXXZ 0043b020 f   BWAPI:UpgradeType.obj
 0001:0003a030       ??__FtechTypeData@BWAPI@@YAXXZ 0043b030 f   BWAPI:TechType.obj
 0001:0003a050       ??__FtechTypeSet@BWAPI@@YAXXZ 0043b050 f   BWAPI:TechType.obj
 0001:0003a060       ??__FtechTypeMap@BWAPI@@YAXXZ 0043b060 f   BWAPI:TechType.obj
 0001:0003a070       ??__FweaponTypeData@BWAPI@@YAXXZ 0043b070 f   BWAPI:WeaponType.obj
 0001:0003a090       ??__FspecialWeaponTypeSet@BWAPI@@YAXXZ 0043b090 f   BWAPI:WeaponType.obj
 0001:0003a0a0       ??__FnormalWeaponTypeSet@BWAPI@@YAXXZ 0043b0a0 f   BWAPI:WeaponType.obj
 0001:0003a0b0       ??__FweaponTypeSet@BWAPI@@YAXXZ 0043b0b0 f   BWAPI:WeaponType.obj
 0001:0003a0c0       ??__FweaponTypeMap@BWAPI@@YAXXZ 0043b0c0 f   BWAPI:WeaponType.obj
 0001:0003a0d0       ??__FunitSizeTypeName@BWAPI@@YAXXZ 0043b0d0 f   BWAPI:UnitSizeType.obj
 0001:0003a0f0       ??__FunitSizeTypeSet@BWAPI@@YAXXZ 0043b0f0 f   BWAPI:UnitSizeType.obj
 0001:0003a100       ??__FunitSizeTypeMap@BWAPI@@YAXXZ 0043b100 f   BWAPI:UnitSizeType.obj
 0001:0003a110       ??__ForderName@BWAPI@@YAXXZ 0043b110 f   BWAPI:Order.obj
 0001:0003a130       ??__ForderSet@BWAPI@@YAXXZ 0043b130 f   BWAPI:Order.obj
 0001:0003a140       ??__ForderMap@BWAPI@@YAXXZ 0043b140 f   BWAPI:Order.obj
 0001:0003a150       ??__FgameTypeName@BWAPI@@YAXXZ 0043b150 f   BWAPI:GameType.obj
 0001:0003a170       ??__FgameTypeSet@BWAPI@@YAXXZ 0043b170 f   BWAPI:GameType.obj
 0001:0003a180       ??__FgameTypeMap@BWAPI@@YAXXZ 0043b180 f   BWAPI:GameType.obj
 0001:0003a190       ??__FerrorName@BWAPI@@YAXXZ 0043b190 f   BWAPI:Error.obj
 0001:0003a1b0       ??__FerrorSet@BWAPI@@YAXXZ 0043b1b0 f   BWAPI:Error.obj
 0001:0003a1c0       ??__FerrorMap@BWAPI@@YAXXZ 0043b1c0 f   BWAPI:Error.obj
 0001:0003a1d0       ??__FbulletTypeName@BWAPI@@YAXXZ 0043b1d0 f   BWAPI:BulletType.obj
 0001:0003a1f0       ??__FbulletTypeSet@BWAPI@@YAXXZ 0043b1f0 f   BWAPI:BulletType.obj
 0001:0003a200       ??__FbulletTypeMap@BWAPI@@YAXXZ 0043b200 f   BWAPI:BulletType.obj
 0001:0003a210       ??__FunitCommandTypeName@BWAPI@@YAXXZ 0043b210 f   BWAPI:UnitCommandType.obj
 0001:0003a230       ??__FunitCommandTypeSet@BWAPI@@YAXXZ 0043b230 f   BWAPI:UnitCommandType.obj
 0001:0003a240       ??__FunitCommandTypeMap@BWAPI@@YAXXZ 0043b240 f   BWAPI:UnitCommandType.obj
 0001:0003a250       ??__FplayerTypeName@BWAPI@@YAXXZ 0043b250 f   BWAPI:PlayerType.obj
 0001:0003a270       ??__FplayerTypeSet@BWAPI@@YAXXZ 0043b270 f   BWAPI:PlayerType.obj
 0001:0003a280       ??__FplayerTypeMap@BWAPI@@YAXXZ 0043b280 f   BWAPI:PlayerType.obj
 0001:0003a290       ??__FexplosionTypeName@BWAPI@@YAXXZ 0043b290 f   BWAPI:ExplosionType.obj
 0001:0003a2b0       ??__FexplosionTypeSet@BWAPI@@YAXXZ 0043b2b0 f   BWAPI:ExplosionType.obj
 0001:0003a2c0       ??__FexplosionTypeMap@BWAPI@@YAXXZ 0043b2c0 f   BWAPI:ExplosionType.obj
 0001:0003a2d0       ??__FdamageTypeName@BWAPI@@YAXXZ 0043b2d0 f   BWAPI:DamageType.obj
 0001:0003a2f0       ??__FdamageTypeSet@BWAPI@@YAXXZ 0043b2f0 f   BWAPI:DamageType.obj
 0001:0003a300       ??__FdamageTypeMap@BWAPI@@YAXXZ 0043b300 f   BWAPI:DamageType.obj
